[2026-05-04T20:25:01-08:00] KEEPER: WARN: Gateway is down. Attempting restart.
[2026-05-04T20:25:01-08:00] KEEPER: WARN: Gateway is down. Attempting restart.
[2026-05-04T20:25:04-08:00] KEEPER: CRITICAL: Gateway restart failed!
[2026-05-04T20:25:04-08:00] KEEPER: CRITICAL: Gateway restart failed!
[2026-05-04T20:25:04-08:00] KEEPER: --- Keeper cycle end ---
[2026-05-04T20:25:04-08:00] KEEPER: --- Keeper cycle end ---
[2026-05-04T20:30:01-08:00] KEEPER: --- Keeper cycle start ---
[2026-05-04T20:30:01-08:00] KEEPER: --- Keeper cycle start ---
[2026-05-04T20:30:01-08:00] KEEPER: WARN: Gateway is down. Attempting restart.
[2026-05-04T20:30:01-08:00] KEEPER: WARN: Gateway is down. Attempting restart.
[2026-05-04T20:30:04-08:00] KEEPER: CRITICAL: Gateway restart failed!
[2026-05-04T20:30:04-08:00] KEEPER: CRITICAL: Gateway restart failed!
[2026-05-04T20:30:04-08:00] KEEPER: --- Keeper cycle end ---
[2026-05-04T20:30:04-08:00] KEEPER: --- Keeper cycle end ---
[2026-05-04T20:35:01-08:00] KEEPER: --- Keeper cycle start ---
[2026-05-04T20:35:01-08:00] KEEPER: --- Keeper cycle start ---
[2026-05-04T20:35:01-08:00] KEEPER: WARN: Gateway is down. Attempting restart.
[2026-05-04T20:35:01-08:00] KEEPER: WARN: Gateway is down. Attempting restart.
[2026-05-04T20:35:03-08:00] KEEPER: CRITICAL: Gateway restart failed!
[2026-05-04T20:35:03-08:00] KEEPER: CRITICAL: Gateway restart failed!
[2026-05-04T20:35:04-08:00] KEEPER: --- Keeper cycle end ---
[2026-05-04T20:35:04-08:00] KEEPER: --- Keeper cycle end ---
[2026-05-04T20:40:01-08:00] KEEPER: --- Keeper cycle start ---
[2026-05-04T20:40:01-08:00] KEEPER: --- Keeper cycle start ---
[2026-05-04T20:40:01-08:00] KEEPER: WARN: Gateway is down. Attempting restart.
[2026-05-04T20:40:01-08:00] KEEPER: WARN: Gateway is down. Attempting restart.
[2026-05-04T20:40:04-08:00] KEEPER: CRITICAL: Gateway restart failed!
[2026-05-04T20:40:04-08:00] KEEPER: CRITICAL: Gateway restart failed!
[2026-05-04T20:40:04-08:00] KEEPER: --- Keeper cycle end ---
[2026-05-04T20:40:04-08:00] KEEPER: --- Keeper cycle end ---
[2026-05-04T20:45:00-08:00] KEEPER: --- Keeper cycle start ---
[2026-05-04T20:45:00-08:00] KEEPER: --- Keeper cycle start ---
[2026-05-04T20:45:00-08:00] KEEPER: WARN: Gateway is down. Attempting restart.
[2026-05-04T20:45:00-08:00] KEEPER: WARN: Gateway is down. Attempting restart.
[2026-05-04T20:45:03-08:00] KEEPER: CRITICAL: Gateway restart failed!
[2026-05-04T20:45:03-08:00] KEEPER: CRITICAL: Gateway restart failed!
[2026-05-04T20:45:03-08:00] KEEPER: --- Keeper cycle end ---
[2026-05-04T20:45:03-08:00] KEEPER: --- Keeper cycle end ---
[2026-05-04T20:50:00-08:00] KEEPER: --- Keeper cycle start ---
[2026-05-04T20:50:00-08:00] KEEPER: --- Keeper cycle start ---
[2026-05-04T20:50:00-08:00] KEEPER: WARN: Gateway is down. Attempting restart.
[2026-05-04T20:50:00-08:00] KEEPER: WARN: Gateway is down. Attempting restart.
[2026-05-04T20:50:03-08:00] KEEPER: CRITICAL: Gateway restart failed!
[2026-05-04T20:50:03-08:00] KEEPER: CRITICAL: Gateway restart failed!
[2026-05-04T20:50:03-08:00] KEEPER: --- Keeper cycle end ---
[2026-05-04T20:50:03-08:00] KEEPER: --- Keeper cycle end ---
[2026-05-04T20:55:00-08:00] KEEPER: --- Keeper cycle start ---
[2026-05-04T20:55:00-08:00] KEEPER: --- Keeper cycle start ---
[2026-05-04T20:55:00-08:00] KEEPER: WARN: Gateway is down. Attempting restart.
[2026-05-04T20:55:00-08:00] KEEPER: WARN: Gateway is down. Attempting restart.
[2026-05-04T20:55:03-08:00] KEEPER: CRITICAL: Gateway restart failed!
[2026-05-04T20:55:03-08:00] KEEPER: CRITICAL: Gateway restart failed!
[2026-05-04T20:55:03-08:00] KEEPER: --- Keeper cycle end ---
[2026-05-04T20:55:03-08:00] KEEPER: --- Keeper cycle end ---
[2026-05-04T21:00:01-08:00] KEEPER: --- Keeper cycle start ---
[2026-05-04T21:00:01-08:00] KEEPER: --- Keeper cycle start ---
[2026-05-04T21:00:01-08:00] KEEPER: WARN: Gateway is down. Attempting restart.
[2026-05-04T21:00:01-08:00] KEEPER: WARN: Gateway is down. Attempting restart.
[2026-05-04T21:00:04-08:00] KEEPER: CRITICAL: Gateway restart failed!
[2026-05-04T21:00:04-08:00] KEEPER: CRITICAL: Gateway restart failed!
[2026-05-04T21:00:05-08:00] KEEPER: --- Keeper cycle end ---
[2026-05-04T21:00:05-08:00] KEEPER: --- Keeper cycle end ---
[2026-05-04T21:05:01-08:00] KEEPER: --- Keeper cycle start ---
[2026-05-04T21:05:01-08:00] KEEPER: --- Keeper cycle start ---
[2026-05-04T21:05:01-08:00] KEEPER: WARN: Gateway is down. Attempting restart.
[2026-05-04T21:05:01-08:00] KEEPER: WARN: Gateway is down. Attempting restart.
[2026-05-04T21:05:04-08:00] KEEPER: CRITICAL: Gateway restart failed!
[2026-05-04T21:05:04-08:00] KEEPER: CRITICAL: Gateway restart failed!
[2026-05-04T21:05:04-08:00] KEEPER: --- Keeper cycle end ---
[2026-05-04T21:05:04-08:00] KEEPER: --- Keeper cycle end ---
[2026-05-04T21:10:02-08:00] KEEPER: --- Keeper cycle start ---
[2026-05-04T21:10:02-08:00] KEEPER: --- Keeper cycle start ---
[2026-05-04T21:10:02-08:00] KEEPER: WARN: Gateway is down. Attempting restart.
[2026-05-04T21:10:02-08:00] KEEPER: WARN: Gateway is down. Attempting restart.
[2026-05-04T21:10:05-08:00] KEEPER: CRITICAL: Gateway restart failed!
[2026-05-04T21:10:05-08:00] KEEPER: CRITICAL: Gateway restart failed!
[2026-05-04T21:10:05-08:00] KEEPER: --- Keeper cycle end ---
[2026-05-04T21:10:05-08:00] KEEPER: --- Keeper cycle end ---
[2026-05-04T21:15:01-08:00] KEEPER: --- Keeper cycle start ---
[2026-05-04T21:15:01-08:00] KEEPER: --- Keeper cycle start ---
[2026-05-04T21:15:01-08:00] KEEPER: WARN: Gateway is down. Attempting restart.
[2026-05-04T21:15:01-08:00] KEEPER: WARN: Gateway is down. Attempting restart.
[2026-05-04T21:15:03-08:00] KEEPER: CRITICAL: Gateway restart failed!
[2026-05-04T21:15:03-08:00] KEEPER: CRITICAL: Gateway restart failed!
[2026-05-04T21:15:04-08:00] KEEPER: --- Keeper cycle end ---
[2026-05-04T21:15:04-08:00] KEEPER: --- Keeper cycle end ---
[2026-05-04T21:20:00-08:00] KEEPER: --- Keeper cycle start ---
[2026-05-04T21:20:00-08:00] KEEPER: --- Keeper cycle start ---
[2026-05-04T21:20:00-08:00] KEEPER: WARN: Gateway is down. Attempting restart.
[2026-05-04T21:20:00-08:00] KEEPER: WARN: Gateway is down. Attempting restart.
[2026-05-04T21:20:03-08:00] KEEPER: CRITICAL: Gateway restart failed!
[2026-05-04T21:20:03-08:00] KEEPER: CRITICAL: Gateway restart failed!
[2026-05-04T21:20:03-08:00] KEEPER: --- Keeper cycle end ---
[2026-05-04T21:20:03-08:00] KEEPER: --- Keeper cycle end ---
[2026-05-04T21:25:00-08:00] KEEPER: --- Keeper cycle start ---
[2026-05-04T21:25:00-08:00] KEEPER: --- Keeper cycle start ---
[2026-05-04T21:25:00-08:00] KEEPER: WARN: Gateway is down. Attempting restart.
[2026-05-04T21:25:00-08:00] KEEPER: WARN: Gateway is down. Attempting restart.
[2026-05-04T21:25:03-08:00] KEEPER: CRITICAL: Gateway restart failed!
[2026-05-04T21:25:03-08:00] KEEPER: CRITICAL: Gateway restart failed!
[2026-05-04T21:25:03-08:00] KEEPER: --- Keeper cycle end ---
[2026-05-04T21:25:03-08:00] KEEPER: --- Keeper cycle end ---
[2026-05-04T21:30:01-08:00] KEEPER: --- Keeper cycle start ---
[2026-05-04T21:30:01-08:00] KEEPER: --- Keeper cycle start ---
[2026-05-04T21:30:01-08:00] KEEPER: WARN: Gateway is down. Attempting restart.
[2026-05-04T21:30:01-08:00] KEEPER: WARN: Gateway is down. Attempting restart.
[2026-05-04T21:30:04-08:00] KEEPER: CRITICAL: Gateway restart failed!
[2026-05-04T21:30:04-08:00] KEEPER: CRITICAL: Gateway restart failed!
[2026-05-04T21:30:04-08:00] KEEPER: --- Keeper cycle end ---
[2026-05-04T21:30:04-08:00] KEEPER: --- Keeper cycle end ---
[2026-05-04T21:35:00-08:00] KEEPER: --- Keeper cycle start ---
[2026-05-04T21:35:00-08:00] KEEPER: --- Keeper cycle start ---
[2026-05-04T21:35:00-08:00] KEEPER: WARN: Gateway is down. Attempting restart.
[2026-05-04T21:35:00-08:00] KEEPER: WARN: Gateway is down. Attempting restart.
[2026-05-04T21:35:03-08:00] KEEPER: CRITICAL: Gateway restart failed!
[2026-05-04T21:35:03-08:00] KEEPER: CRITICAL: Gateway restart failed!
[2026-05-04T21:35:03-08:00] KEEPER: --- Keeper cycle end ---
[2026-05-04T21:35:03-08:00] KEEPER: --- Keeper cycle end ---
[2026-05-04T21:40:00-08:00] KEEPER: --- Keeper cycle start ---
[2026-05-04T21:40:00-08:00] KEEPER: --- Keeper cycle start ---
[2026-05-04T21:40:00-08:00] KEEPER: WARN: Gateway is down. Attempting restart.
[2026-05-04T21:40:00-08:00] KEEPER: WARN: Gateway is down. Attempting restart.
[2026-05-04T21:40:03-08:00] KEEPER: CRITICAL: Gateway restart failed!
[2026-05-04T21:40:03-08:00] KEEPER: CRITICAL: Gateway restart failed!
[2026-05-04T21:40:03-08:00] KEEPER: --- Keeper cycle end ---
[2026-05-04T21:40:03-08:00] KEEPER: --- Keeper cycle end ---
[2026-05-04T21:45:00-08:00] KEEPER: --- Keeper cycle start ---
[2026-05-04T21:45:00-08:00] KEEPER: --- Keeper cycle start ---
[2026-05-04T21:45:00-08:00] KEEPER: WARN: Gateway is down. Attempting restart.
[2026-05-04T21:45:00-08:00] KEEPER: WARN: Gateway is down. Attempting restart.
[2026-05-04T21:45:03-08:00] KEEPER: CRITICAL: Gateway restart failed!
[2026-05-04T21:45:03-08:00] KEEPER: CRITICAL: Gateway restart failed!
[2026-05-04T21:45:03-08:00] KEEPER: --- Keeper cycle end ---
[2026-05-04T21:45:03-08:00] KEEPER: --- Keeper cycle end ---
[2026-05-04T21:50:01-08:00] KEEPER: --- Keeper cycle start ---
[2026-05-04T21:50:01-08:00] KEEPER: --- Keeper cycle start ---
[2026-05-04T21:50:01-08:00] KEEPER: WARN: Gateway is down. Attempting restart.
[2026-05-04T21:50:01-08:00] KEEPER: WARN: Gateway is down. Attempting restart.
[2026-05-04T21:50:03-08:00] KEEPER: CRITICAL: Gateway restart failed!
[2026-05-04T21:50:03-08:00] KEEPER: CRITICAL: Gateway restart failed!
[2026-05-04T21:50:04-08:00] KEEPER: --- Keeper cycle end ---
[2026-05-04T21:50:04-08:00] KEEPER: --- Keeper cycle end ---
[2026-05-04T21:55:02-08:00] KEEPER: --- Keeper cycle start ---
[2026-05-04T21:55:02-08:00] KEEPER: --- Keeper cycle start ---
[2026-05-04T21:55:02-08:00] KEEPER: WARN: Gateway is down. Attempting restart.
[2026-05-04T21:55:02-08:00] KEEPER: WARN: Gateway is down. Attempting restart.
[2026-05-04T21:55:05-08:00] KEEPER: CRITICAL: Gateway restart failed!
[2026-05-04T21:55:05-08:00] KEEPER: CRITICAL: Gateway restart failed!
[2026-05-04T21:55:05-08:00] KEEPER: --- Keeper cycle end ---
[2026-05-04T21:55:05-08:00] KEEPER: --- Keeper cycle end ---
[2026-05-04T22:00:01-08:00] KEEPER: --- Keeper cycle start ---
[2026-05-04T22:00:01-08:00] KEEPER: --- Keeper cycle start ---
[2026-05-04T22:00:01-08:00] KEEPER: WARN: Gateway is down. Attempting restart.
[2026-05-04T22:00:01-08:00] KEEPER: WARN: Gateway is down. Attempting restart.
[2026-05-04T22:00:04-08:00] KEEPER: CRITICAL: Gateway restart failed!
[2026-05-04T22:00:04-08:00] KEEPER: CRITICAL: Gateway restart failed!
[2026-05-04T22:00:05-08:00] KEEPER: --- Keeper cycle end ---
[2026-05-04T22:00:05-08:00] KEEPER: --- Keeper cycle end ---
[2026-05-04T22:05:00-08:00] KEEPER: --- Keeper cycle start ---
[2026-05-04T22:05:00-08:00] KEEPER: --- Keeper cycle start ---
[2026-05-04T22:05:00-08:00] KEEPER: WARN: Gateway is down. Attempting restart.
[2026-05-04T22:05:00-08:00] KEEPER: WARN: Gateway is down. Attempting restart.
[2026-05-04T22:05:03-08:00] KEEPER: CRITICAL: Gateway restart failed!
[2026-05-04T22:05:03-08:00] KEEPER: CRITICAL: Gateway restart failed!
[2026-05-04T22:05:03-08:00] KEEPER: --- Keeper cycle end ---
[2026-05-04T22:05:03-08:00] KEEPER: --- Keeper cycle end ---
[2026-05-04T22:10:01-08:00] KEEPER: --- Keeper cycle start ---
[2026-05-04T22:10:01-08:00] KEEPER: --- Keeper cycle start ---
[2026-05-04T22:10:01-08:00] KEEPER: WARN: Gateway is down. Attempting restart.
[2026-05-04T22:10:01-08:00] KEEPER: WARN: Gateway is down. Attempting restart.
[2026-05-04T22:10:04-08:00] KEEPER: CRITICAL: Gateway restart failed!
[2026-05-04T22:10:04-08:00] KEEPER: CRITICAL: Gateway restart failed!
[2026-05-04T22:10:05-08:00] KEEPER: --- Keeper cycle end ---
[2026-05-04T22:10:05-08:00] KEEPER: --- Keeper cycle end ---
[2026-05-04T22:15:01-08:00] KEEPER: --- Keeper cycle start ---
[2026-05-04T22:15:01-08:00] KEEPER: --- Keeper cycle start ---
[2026-05-04T22:15:01-08:00] KEEPER: WARN: Gateway is down. Attempting restart.
[2026-05-04T22:15:01-08:00] KEEPER: WARN: Gateway is down. Attempting restart.
[2026-05-04T22:15:04-08:00] KEEPER: CRITICAL: Gateway restart failed!
[2026-05-04T22:15:04-08:00] KEEPER: CRITICAL: Gateway restart failed!
[2026-05-04T22:15:04-08:00] KEEPER: --- Keeper cycle end ---
[2026-05-04T22:15:04-08:00] KEEPER: --- Keeper cycle end ---
[2026-05-04T22:20:02-08:00] KEEPER: --- Keeper cycle start ---
[2026-05-04T22:20:02-08:00] KEEPER: --- Keeper cycle start ---
[2026-05-04T22:20:02-08:00] KEEPER: WARN: Gateway is down. Attempting restart.
[2026-05-04T22:20:02-08:00] KEEPER: WARN: Gateway is down. Attempting restart.
[2026-05-04T22:20:05-08:00] KEEPER: CRITICAL: Gateway restart failed!
[2026-05-04T22:20:05-08:00] KEEPER: CRITICAL: Gateway restart failed!
[2026-05-04T22:20:05-08:00] KEEPER: --- Keeper cycle end ---
[2026-05-04T22:20:05-08:00] KEEPER: --- Keeper cycle end ---
[2026-05-04T22:25:01-08:00] KEEPER: --- Keeper cycle start ---
[2026-05-04T22:25:01-08:00] KEEPER: --- Keeper cycle start ---
[2026-05-04T22:25:01-08:00] KEEPER: WARN: Gateway is down. Attempting restart.
[2026-05-04T22:25:01-08:00] KEEPER: WARN: Gateway is down. Attempting restart.
[2026-05-04T22:25:04-08:00] KEEPER: CRITICAL: Gateway restart failed!
[2026-05-04T22:25:04-08:00] KEEPER: CRITICAL: Gateway restart failed!
[2026-05-04T22:25:04-08:00] KEEPER: --- Keeper cycle end ---
[2026-05-04T22:25:04-08:00] KEEPER: --- Keeper cycle end ---
[2026-05-04T22:30:01-08:00] KEEPER: --- Keeper cycle start ---
[2026-05-04T22:30:01-08:00] KEEPER: --- Keeper cycle start ---
[2026-05-04T22:30:01-08:00] KEEPER: WARN: Gateway is down. Attempting restart.
[2026-05-04T22:30:01-08:00] KEEPER: WARN: Gateway is down. Attempting restart.
[2026-05-04T22:30:04-08:00] KEEPER: CRITICAL: Gateway restart failed!
[2026-05-04T22:30:04-08:00] KEEPER: CRITICAL: Gateway restart failed!
[2026-05-04T22:30:05-08:00] KEEPER: --- Keeper cycle end ---
[2026-05-04T22:30:05-08:00] KEEPER: --- Keeper cycle end ---
[2026-05-04T22:35:01-08:00] KEEPER: --- Keeper cycle start ---
[2026-05-04T22:35:01-08:00] KEEPER: --- Keeper cycle start ---
[2026-05-04T22:35:01-08:00] KEEPER: WARN: Gateway is down. Attempting restart.
[2026-05-04T22:35:01-08:00] KEEPER: WARN: Gateway is down. Attempting restart.
[2026-05-04T22:35:04-08:00] KEEPER: CRITICAL: Gateway restart failed!
[2026-05-04T22:35:04-08:00] KEEPER: CRITICAL: Gateway restart failed!
[2026-05-04T22:35:04-08:00] KEEPER: --- Keeper cycle end ---
[2026-05-04T22:35:04-08:00] KEEPER: --- Keeper cycle end ---
[2026-05-04T22:40:00-08:00] KEEPER: --- Keeper cycle start ---
[2026-05-04T22:40:00-08:00] KEEPER: --- Keeper cycle start ---
[2026-05-04T22:40:00-08:00] KEEPER: WARN: Gateway is down. Attempting restart.
[2026-05-04T22:40:00-08:00] KEEPER: WARN: Gateway is down. Attempting restart.
[2026-05-04T22:40:03-08:00] KEEPER: CRITICAL: Gateway restart failed!
[2026-05-04T22:40:03-08:00] KEEPER: CRITICAL: Gateway restart failed!
[2026-05-04T22:40:04-08:00] KEEPER: --- Keeper cycle end ---
[2026-05-04T22:40:04-08:00] KEEPER: --- Keeper cycle end ---
[2026-05-04T22:45:00-08:00] KEEPER: --- Keeper cycle start ---
[2026-05-04T22:45:00-08:00] KEEPER: --- Keeper cycle start ---
[2026-05-04T22:45:00-08:00] KEEPER: WARN: Gateway is down. Attempting restart.
[2026-05-04T22:45:00-08:00] KEEPER: WARN: Gateway is down. Attempting restart.
[2026-05-04T22:45:03-08:00] KEEPER: CRITICAL: Gateway restart failed!
[2026-05-04T22:45:03-08:00] KEEPER: CRITICAL: Gateway restart failed!
[2026-05-04T22:45:03-08:00] KEEPER: --- Keeper cycle end ---
[2026-05-04T22:45:03-08:00] KEEPER: --- Keeper cycle end ---
[2026-05-04T22:50:01-08:00] KEEPER: --- Keeper cycle start ---
[2026-05-04T22:50:01-08:00] KEEPER: --- Keeper cycle start ---
[2026-05-04T22:50:01-08:00] KEEPER: WARN: Gateway is down. Attempting restart.
[2026-05-04T22:50:01-08:00] KEEPER: WARN: Gateway is down. Attempting restart.
[2026-05-04T22:50:04-08:00] KEEPER: CRITICAL: Gateway restart failed!
[2026-05-04T22:50:04-08:00] KEEPER: CRITICAL: Gateway restart failed!
[2026-05-04T22:50:05-08:00] KEEPER: --- Keeper cycle end ---
[2026-05-04T22:50:05-08:00] KEEPER: --- Keeper cycle end ---
[2026-05-04T22:55:01-08:00] KEEPER: --- Keeper cycle start ---
[2026-05-04T22:55:01-08:00] KEEPER: --- Keeper cycle start ---
[2026-05-04T22:55:01-08:00] KEEPER: WARN: Gateway is down. Attempting restart.
[2026-05-04T22:55:01-08:00] KEEPER: WARN: Gateway is down. Attempting restart.
[2026-05-04T22:55:03-08:00] KEEPER: CRITICAL: Gateway restart failed!
[2026-05-04T22:55:03-08:00] KEEPER: CRITICAL: Gateway restart failed!
[2026-05-04T22:55:03-08:00] KEEPER: --- Keeper cycle end ---
[2026-05-04T22:55:03-08:00] KEEPER: --- Keeper cycle end ---
[2026-05-04T23:00:01-08:00] KEEPER: --- Keeper cycle start ---
[2026-05-04T23:00:01-08:00] KEEPER: --- Keeper cycle start ---
[2026-05-04T23:00:01-08:00] KEEPER: WARN: Gateway is down. Attempting restart.
[2026-05-04T23:00:01-08:00] KEEPER: WARN: Gateway is down. Attempting restart.
[2026-05-04T23:00:04-08:00] KEEPER: CRITICAL: Gateway restart failed!
[2026-05-04T23:00:04-08:00] KEEPER: CRITICAL: Gateway restart failed!
[2026-05-04T23:00:05-08:00] KEEPER: --- Keeper cycle end ---
[2026-05-04T23:00:05-08:00] KEEPER: --- Keeper cycle end ---
[2026-05-04T23:05:01-08:00] KEEPER: --- Keeper cycle start ---
[2026-05-04T23:05:01-08:00] KEEPER: --- Keeper cycle start ---
[2026-05-04T23:05:01-08:00] KEEPER: WARN: Gateway is down. Attempting restart.
[2026-05-04T23:05:01-08:00] KEEPER: WARN: Gateway is down. Attempting restart.
[2026-05-04T23:05:04-08:00] KEEPER: CRITICAL: Gateway restart failed!
[2026-05-04T23:05:04-08:00] KEEPER: CRITICAL: Gateway restart failed!
[2026-05-04T23:05:05-08:00] KEEPER: --- Keeper cycle end ---
[2026-05-04T23:05:05-08:00] KEEPER: --- Keeper cycle end ---
[2026-05-04T23:10:01-08:00] KEEPER: --- Keeper cycle start ---
[2026-05-04T23:10:01-08:00] KEEPER: --- Keeper cycle start ---
[2026-05-04T23:10:01-08:00] KEEPER: WARN: Gateway is down. Attempting restart.
[2026-05-04T23:10:01-08:00] KEEPER: WARN: Gateway is down. Attempting restart.
[2026-05-04T23:10:04-08:00] KEEPER: CRITICAL: Gateway restart failed!
[2026-05-04T23:10:04-08:00] KEEPER: CRITICAL: Gateway restart failed!
[2026-05-04T23:10:04-08:00] KEEPER: --- Keeper cycle end ---
[2026-05-04T23:10:04-08:00] KEEPER: --- Keeper cycle end ---
[2026-05-04T23:15:00-08:00] KEEPER: --- Keeper cycle start ---
[2026-05-04T23:15:00-08:00] KEEPER: --- Keeper cycle start ---
[2026-05-04T23:15:00-08:00] KEEPER: WARN: Gateway is down. Attempting restart.
[2026-05-04T23:15:00-08:00] KEEPER: WARN: Gateway is down. Attempting restart.
[2026-05-04T23:15:03-08:00] KEEPER: CRITICAL: Gateway restart failed!
[2026-05-04T23:15:03-08:00] KEEPER: CRITICAL: Gateway restart failed!
[2026-05-04T23:15:03-08:00] KEEPER: --- Keeper cycle end ---
[2026-05-04T23:15:03-08:00] KEEPER: --- Keeper cycle end ---
[2026-05-21T13:10:02-08:00] KEEPER: --- Keeper cycle start ---
[2026-05-21T13:10:02-08:00] KEEPER: --- Keeper cycle start ---
[2026-05-21T13:10:02-08:00] KEEPER: WARN: Gateway is down. Attempting restart.
[2026-05-21T13:10:02-08:00] KEEPER: WARN: Gateway is down. Attempting restart.
[2026-05-21T13:10:05-08:00] KEEPER: CRITICAL: Gateway restart failed!
[2026-05-21T13:10:05-08:00] KEEPER: CRITICAL: Gateway restart failed!
[2026-05-21T13:10:05-08:00] KEEPER: --- Keeper cycle end ---
[2026-05-21T13:10:05-08:00] KEEPER: --- Keeper cycle end ---
[2026-05-21T13:15:21-08:00] KEEPER: --- Keeper cycle start ---
[2026-05-21T13:15:21-08:00] KEEPER: --- Keeper cycle start ---
[2026-05-21T13:15:21-08:00] KEEPER: WARN: Gateway is down. Attempting restart.
[2026-05-21T13:15:21-08:00] KEEPER: WARN: Gateway is down. Attempting restart.
[2026-05-21T13:15:21-08:00] KEEPER: CRITICAL: Gateway restart failed!
[2026-05-21T13:15:21-08:00] KEEPER: CRITICAL: Gateway restart failed!
[2026-05-21T13:15:21-08:00] KEEPER: --- Keeper cycle end ---
[2026-05-21T13:15:21-08:00] KEEPER: --- Keeper cycle end ---
[2026-05-21T13:20:01-08:00] KEEPER: --- Keeper cycle start ---
[2026-05-21T13:20:01-08:00] KEEPER: --- Keeper cycle start ---
[2026-05-21T13:20:01-08:00] KEEPER: WARN: Gateway is down. Attempting restart.
[2026-05-21T13:20:01-08:00] KEEPER: WARN: Gateway is down. Attempting restart.
[2026-05-21T13:20:04-08:00] KEEPER: CRITICAL: Gateway restart failed!
[2026-05-21T13:20:04-08:00] KEEPER: CRITICAL: Gateway restart failed!
[2026-05-21T13:20:04-08:00] KEEPER: --- Keeper cycle end ---
[2026-05-21T13:20:04-08:00] KEEPER: --- Keeper cycle end ---
[2026-05-21T15:25:01-08:00] KEEPER: --- Keeper cycle start ---
[2026-05-21T15:25:01-08:00] KEEPER: --- Keeper cycle start ---
[2026-05-21T15:25:01-08:00] KEEPER: WARN: Gateway is down. Attempting restart.
[2026-05-21T15:25:01-08:00] KEEPER: WARN: Gateway is down. Attempting restart.
[2026-05-21T15:25:04-08:00] KEEPER: CRITICAL: Gateway restart failed!
[2026-05-21T15:25:04-08:00] KEEPER: CRITICAL: Gateway restart failed!
[2026-05-21T15:25:04-08:00] KEEPER: WARN: Heartbeat stale (7671s old). Brothers-Keeper protocol activated.
[2026-05-21T15:25:04-08:00] KEEPER: WARN: Heartbeat stale (7671s old). Brothers-Keeper protocol activated.
[2026-05-21T15:25:04-08:00] KEEPER: CRITICAL: Gateway down AND captain silent. Full restart.
[2026-05-21T15:25:04-08:00] KEEPER: CRITICAL: Gateway down AND captain silent. Full restart.
[2026-05-21T15:25:04-08:00] KEEPER: --- Keeper cycle end ---
[2026-05-21T15:25:04-08:00] KEEPER: --- Keeper cycle end ---
[2026-05-21T15:30:00-08:00] KEEPER: --- Keeper cycle start ---
[2026-05-21T15:30:00-08:00] KEEPER: --- Keeper cycle start ---
[2026-05-21T15:30:00-08:00] KEEPER: WARN: Gateway is down. Attempting restart.
[2026-05-21T15:30:00-08:00] KEEPER: WARN: Gateway is down. Attempting restart.
[2026-05-21T15:30:04-08:00] KEEPER: CRITICAL: Gateway restart failed!
[2026-05-21T15:30:04-08:00] KEEPER: CRITICAL: Gateway restart failed!
[2026-05-21T15:30:05-08:00] KEEPER: --- Keeper cycle end ---
[2026-05-21T15:30:05-08:00] KEEPER: --- Keeper cycle end ---
[2026-05-21T15:35:01-08:00] KEEPER: --- Keeper cycle start ---
[2026-05-21T15:35:01-08:00] KEEPER: --- Keeper cycle start ---
[2026-05-21T15:35:01-08:00] KEEPER: WARN: Gateway is down. Attempting restart.
[2026-05-21T15:35:01-08:00] KEEPER: WARN: Gateway is down. Attempting restart.
[2026-05-21T15:35:04-08:00] KEEPER: CRITICAL: Gateway restart failed!
[2026-05-21T15:35:04-08:00] KEEPER: CRITICAL: Gateway restart failed!
[2026-05-21T15:35:04-08:00] KEEPER: --- Keeper cycle end ---
[2026-05-21T15:35:04-08:00] KEEPER: --- Keeper cycle end ---
[2026-05-21T15:40:01-08:00] KEEPER: --- Keeper cycle start ---
[2026-05-21T15:40:01-08:00] KEEPER: --- Keeper cycle start ---
[2026-05-21T15:40:01-08:00] KEEPER: WARN: Gateway is down. Attempting restart.
[2026-05-21T15:40:01-08:00] KEEPER: WARN: Gateway is down. Attempting restart.
[2026-05-21T15:40:04-08:00] KEEPER: CRITICAL: Gateway restart failed!
[2026-05-21T15:40:04-08:00] KEEPER: CRITICAL: Gateway restart failed!
[2026-05-21T15:40:05-08:00] KEEPER: --- Keeper cycle end ---
[2026-05-21T15:40:05-08:00] KEEPER: --- Keeper cycle end ---
[2026-05-21T15:45:01-08:00] KEEPER: --- Keeper cycle start ---
[2026-05-21T15:45:01-08:00] KEEPER: --- Keeper cycle start ---
[2026-05-21T15:45:01-08:00] KEEPER: WARN: Gateway is down. Attempting restart.
[2026-05-21T15:45:01-08:00] KEEPER: WARN: Gateway is down. Attempting restart.
[2026-05-21T15:45:04-08:00] KEEPER: CRITICAL: Gateway restart failed!
[2026-05-21T15:45:04-08:00] KEEPER: CRITICAL: Gateway restart failed!
[2026-05-21T15:45:05-08:00] KEEPER: --- Keeper cycle end ---
[2026-05-21T15:45:05-08:00] KEEPER: --- Keeper cycle end ---
[2026-05-21T15:50:01-08:00] KEEPER: --- Keeper cycle start ---
[2026-05-21T15:50:01-08:00] KEEPER: --- Keeper cycle start ---
[2026-05-21T15:50:01-08:00] KEEPER: WARN: Gateway is down. Attempting restart.
[2026-05-21T15:50:01-08:00] KEEPER: WARN: Gateway is down. Attempting restart.
[2026-05-21T15:50:04-08:00] KEEPER: CRITICAL: Gateway restart failed!
[2026-05-21T15:50:04-08:00] KEEPER: CRITICAL: Gateway restart failed!
[2026-05-21T15:50:04-08:00] KEEPER: --- Keeper cycle end ---
[2026-05-21T15:50:04-08:00] KEEPER: --- Keeper cycle end ---
[2026-05-21T15:55:02-08:00] KEEPER: --- Keeper cycle start ---
[2026-05-21T15:55:02-08:00] KEEPER: --- Keeper cycle start ---
[2026-05-21T15:55:02-08:00] KEEPER: WARN: Gateway is down. Attempting restart.
[2026-05-21T15:55:02-08:00] KEEPER: WARN: Gateway is down. Attempting restart.
[2026-05-21T15:55:05-08:00] KEEPER: CRITICAL: Gateway restart failed!
[2026-05-21T15:55:05-08:00] KEEPER: CRITICAL: Gateway restart failed!
[2026-05-21T15:55:05-08:00] KEEPER: --- Keeper cycle end ---
[2026-05-21T15:55:05-08:00] KEEPER: --- Keeper cycle end ---
[2026-05-21T16:00:01-08:00] KEEPER: --- Keeper cycle start ---
[2026-05-21T16:00:01-08:00] KEEPER: --- Keeper cycle start ---
[2026-05-21T16:00:01-08:00] KEEPER: WARN: Gateway is down. Attempting restart.
[2026-05-21T16:00:01-08:00] KEEPER: WARN: Gateway is down. Attempting restart.
[2026-05-21T16:00:04-08:00] KEEPER: CRITICAL: Gateway restart failed!
[2026-05-21T16:00:04-08:00] KEEPER: CRITICAL: Gateway restart failed!
[2026-05-21T16:00:04-08:00] KEEPER: --- Keeper cycle end ---
[2026-05-21T16:00:04-08:00] KEEPER: --- Keeper cycle end ---
[2026-05-21T16:05:01-08:00] KEEPER: --- Keeper cycle start ---
[2026-05-21T16:05:01-08:00] KEEPER: --- Keeper cycle start ---
[2026-05-21T16:05:01-08:00] KEEPER: WARN: Gateway is down. Attempting restart.
[2026-05-21T16:05:01-08:00] KEEPER: WARN: Gateway is down. Attempting restart.
[2026-05-21T16:05:04-08:00] KEEPER: CRITICAL: Gateway restart failed!
[2026-05-21T16:05:04-08:00] KEEPER: CRITICAL: Gateway restart failed!
[2026-05-21T16:05:04-08:00] KEEPER: --- Keeper cycle end ---
[2026-05-21T16:05:04-08:00] KEEPER: --- Keeper cycle end ---
[2026-05-21T16:10:01-08:00] KEEPER: --- Keeper cycle start ---
[2026-05-21T16:10:01-08:00] KEEPER: --- Keeper cycle start ---
[2026-05-21T16:10:01-08:00] KEEPER: WARN: Gateway is down. Attempting restart.
[2026-05-21T16:10:01-08:00] KEEPER: WARN: Gateway is down. Attempting restart.
[2026-05-21T16:10:04-08:00] KEEPER: CRITICAL: Gateway restart failed!
[2026-05-21T16:10:04-08:00] KEEPER: CRITICAL: Gateway restart failed!
[2026-05-21T16:10:04-08:00] KEEPER: --- Keeper cycle end ---
[2026-05-21T16:10:04-08:00] KEEPER: --- Keeper cycle end ---
[2026-05-21T16:15:01-08:00] KEEPER: --- Keeper cycle start ---
[2026-05-21T16:15:01-08:00] KEEPER: --- Keeper cycle start ---
[2026-05-21T16:15:01-08:00] KEEPER: WARN: Gateway is down. Attempting restart.
[2026-05-21T16:15:01-08:00] KEEPER: WARN: Gateway is down. Attempting restart.
[2026-05-21T16:15:04-08:00] KEEPER: CRITICAL: Gateway restart failed!
[2026-05-21T16:15:04-08:00] KEEPER: CRITICAL: Gateway restart failed!
[2026-05-21T16:15:05-08:00] KEEPER: --- Keeper cycle end ---
[2026-05-21T16:15:05-08:00] KEEPER: --- Keeper cycle end ---
[2026-05-21T16:20:01-08:00] KEEPER: --- Keeper cycle start ---
[2026-05-21T16:20:01-08:00] KEEPER: --- Keeper cycle start ---
[2026-05-21T16:20:01-08:00] KEEPER: WARN: Gateway is down. Attempting restart.
[2026-05-21T16:20:01-08:00] KEEPER: WARN: Gateway is down. Attempting restart.
[2026-05-21T16:20:04-08:00] KEEPER: CRITICAL: Gateway restart failed!
[2026-05-21T16:20:04-08:00] KEEPER: CRITICAL: Gateway restart failed!
[2026-05-21T16:20:04-08:00] KEEPER: --- Keeper cycle end ---
[2026-05-21T16:20:04-08:00] KEEPER: --- Keeper cycle end ---
[2026-05-21T16:25:00-08:00] KEEPER: --- Keeper cycle start ---
[2026-05-21T16:25:00-08:00] KEEPER: --- Keeper cycle start ---
[2026-05-21T16:25:00-08:00] KEEPER: WARN: Gateway is down. Attempting restart.
[2026-05-21T16:25:00-08:00] KEEPER: WARN: Gateway is down. Attempting restart.
[2026-05-21T16:25:01-08:00] KEEPER: CRITICAL: Gateway restart failed!
[2026-05-21T16:25:01-08:00] KEEPER: CRITICAL: Gateway restart failed!
[2026-05-21T16:25:02-08:00] KEEPER: --- Keeper cycle end ---
[2026-05-21T16:25:02-08:00] KEEPER: --- Keeper cycle end ---
[2026-05-21T16:30:02-08:00] KEEPER: --- Keeper cycle start ---
[2026-05-21T16:30:02-08:00] KEEPER: --- Keeper cycle start ---
[2026-05-21T16:30:02-08:00] KEEPER: WARN: Gateway is down. Attempting restart.
[2026-05-21T16:30:02-08:00] KEEPER: WARN: Gateway is down. Attempting restart.
[2026-05-21T16:30:02-08:00] KEEPER: CRITICAL: Gateway restart failed!
[2026-05-21T16:30:02-08:00] KEEPER: CRITICAL: Gateway restart failed!
[2026-05-21T16:30:02-08:00] KEEPER: --- Keeper cycle end ---
[2026-05-21T16:30:02-08:00] KEEPER: --- Keeper cycle end ---
[2026-05-21T16:35:01-08:00] KEEPER: --- Keeper cycle start ---
[2026-05-21T16:35:01-08:00] KEEPER: --- Keeper cycle start ---
[2026-05-21T16:35:01-08:00] KEEPER: WARN: Gateway is down. Attempting restart.
[2026-05-21T16:35:01-08:00] KEEPER: WARN: Gateway is down. Attempting restart.
[2026-05-21T16:35:02-08:00] KEEPER: CRITICAL: Gateway restart failed!
[2026-05-21T16:35:02-08:00] KEEPER: CRITICAL: Gateway restart failed!
[2026-05-21T16:35:02-08:00] KEEPER: --- Keeper cycle end ---
[2026-05-21T16:35:02-08:00] KEEPER: --- Keeper cycle end ---
[2026-05-21T16:40:01-08:00] KEEPER: --- Keeper cycle start ---
[2026-05-21T16:40:01-08:00] KEEPER: --- Keeper cycle start ---
[2026-05-21T16:40:01-08:00] KEEPER: WARN: Gateway is down. Attempting restart.
[2026-05-21T16:40:01-08:00] KEEPER: WARN: Gateway is down. Attempting restart.
[2026-05-21T16:40:01-08:00] KEEPER: CRITICAL: Gateway restart failed!
[2026-05-21T16:40:01-08:00] KEEPER: CRITICAL: Gateway restart failed!
[2026-05-21T16:40:02-08:00] KEEPER: --- Keeper cycle end ---
[2026-05-21T16:40:02-08:00] KEEPER: --- Keeper cycle end ---
[2026-05-21T16:45:01-08:00] KEEPER: --- Keeper cycle start ---
[2026-05-21T16:45:01-08:00] KEEPER: --- Keeper cycle start ---
[2026-05-21T16:45:01-08:00] KEEPER: WARN: Gateway is down. Attempting restart.
[2026-05-21T16:45:01-08:00] KEEPER: WARN: Gateway is down. Attempting restart.
[2026-05-21T16:45:01-08:00] KEEPER: CRITICAL: Gateway restart failed!
[2026-05-21T16:45:01-08:00] KEEPER: CRITICAL: Gateway restart failed!
[2026-05-21T16:45:01-08:00] KEEPER: --- Keeper cycle end ---
[2026-05-21T16:45:01-08:00] KEEPER: --- Keeper cycle end ---
[2026-05-21T16:50:02-08:00] KEEPER: --- Keeper cycle start ---
[2026-05-21T16:50:02-08:00] KEEPER: --- Keeper cycle start ---
[2026-05-21T16:50:02-08:00] KEEPER: WARN: Gateway is down. Attempting restart.
[2026-05-21T16:50:02-08:00] KEEPER: WARN: Gateway is down. Attempting restart.
[2026-05-21T16:50:02-08:00] KEEPER: CRITICAL: Gateway restart failed!
[2026-05-21T16:50:02-08:00] KEEPER: CRITICAL: Gateway restart failed!
[2026-05-21T16:50:02-08:00] KEEPER: --- Keeper cycle end ---
[2026-05-21T16:50:02-08:00] KEEPER: --- Keeper cycle end ---
[2026-05-21T16:55:01-08:00] KEEPER: --- Keeper cycle start ---
[2026-05-21T16:55:01-08:00] KEEPER: --- Keeper cycle start ---
[2026-05-21T16:55:01-08:00] KEEPER: WARN: Gateway is down. Attempting restart.
[2026-05-21T16:55:01-08:00] KEEPER: WARN: Gateway is down. Attempting restart.
[2026-05-21T16:55:04-08:00] KEEPER: CRITICAL: Gateway restart failed!
[2026-05-21T16:55:04-08:00] KEEPER: CRITICAL: Gateway restart failed!
[2026-05-21T16:55:01-08:00] KEEPER: --- Keeper cycle end ---
[2026-05-21T16:55:01-08:00] KEEPER: --- Keeper cycle end ---
[2026-05-21T17:00:01-08:00] KEEPER: --- Keeper cycle start ---
[2026-05-21T17:00:01-08:00] KEEPER: --- Keeper cycle start ---
[2026-05-21T17:00:01-08:00] KEEPER: WARN: Gateway is down. Attempting restart.
[2026-05-21T17:00:01-08:00] KEEPER: WARN: Gateway is down. Attempting restart.
[2026-05-21T17:00:02-08:00] KEEPER: CRITICAL: Gateway restart failed!
[2026-05-21T17:00:02-08:00] KEEPER: CRITICAL: Gateway restart failed!
[2026-05-21T17:00:02-08:00] KEEPER: --- Keeper cycle end ---
[2026-05-21T17:00:02-08:00] KEEPER: --- Keeper cycle end ---
[2026-05-21T17:05:01-08:00] KEEPER: --- Keeper cycle start ---
[2026-05-21T17:05:01-08:00] KEEPER: --- Keeper cycle start ---
[2026-05-21T17:05:01-08:00] KEEPER: WARN: Gateway is down. Attempting restart.
[2026-05-21T17:05:01-08:00] KEEPER: WARN: Gateway is down. Attempting restart.
[2026-05-21T17:05:04-08:00] KEEPER: CRITICAL: Gateway restart failed!
[2026-05-21T17:05:04-08:00] KEEPER: CRITICAL: Gateway restart failed!
[2026-05-21T17:05:04-08:00] KEEPER: --- Keeper cycle end ---
[2026-05-21T17:05:04-08:00] KEEPER: --- Keeper cycle end ---
[2026-05-21T17:10:01-08:00] KEEPER: --- Keeper cycle start ---
[2026-05-21T17:10:01-08:00] KEEPER: --- Keeper cycle start ---
[2026-05-21T17:10:01-08:00] KEEPER: WARN: Gateway is down. Attempting restart.
[2026-05-21T17:10:01-08:00] KEEPER: WARN: Gateway is down. Attempting restart.
[2026-05-21T17:10:04-08:00] KEEPER: CRITICAL: Gateway restart failed!
[2026-05-21T17:10:04-08:00] KEEPER: CRITICAL: Gateway restart failed!
[2026-05-21T17:10:05-08:00] KEEPER: --- Keeper cycle end ---
[2026-05-21T17:10:05-08:00] KEEPER: --- Keeper cycle end ---
[2026-05-21T17:15:01-08:00] KEEPER: --- Keeper cycle start ---
[2026-05-21T17:15:01-08:00] KEEPER: --- Keeper cycle start ---
[2026-05-21T17:15:01-08:00] KEEPER: WARN: Gateway is down. Attempting restart.
[2026-05-21T17:15:01-08:00] KEEPER: WARN: Gateway is down. Attempting restart.
[2026-05-21T17:15:04-08:00] KEEPER: CRITICAL: Gateway restart failed!
[2026-05-21T17:15:04-08:00] KEEPER: CRITICAL: Gateway restart failed!
[2026-05-21T17:15:04-08:00] KEEPER: --- Keeper cycle end ---
[2026-05-21T17:15:04-08:00] KEEPER: --- Keeper cycle end ---
[2026-05-21T17:20:01-08:00] KEEPER: --- Keeper cycle start ---
[2026-05-21T17:20:01-08:00] KEEPER: --- Keeper cycle start ---
[2026-05-21T17:20:01-08:00] KEEPER: WARN: Gateway is down. Attempting restart.
[2026-05-21T17:20:01-08:00] KEEPER: WARN: Gateway is down. Attempting restart.
[2026-05-21T17:20:04-08:00] KEEPER: CRITICAL: Gateway restart failed!
[2026-05-21T17:20:04-08:00] KEEPER: CRITICAL: Gateway restart failed!
[2026-05-21T17:20:05-08:00] KEEPER: --- Keeper cycle end ---
[2026-05-21T17:20:05-08:00] KEEPER: --- Keeper cycle end ---
[2026-05-21T17:25:01-08:00] KEEPER: --- Keeper cycle start ---
[2026-05-21T17:25:01-08:00] KEEPER: --- Keeper cycle start ---
[2026-05-21T17:25:01-08:00] KEEPER: WARN: Gateway is down. Attempting restart.
[2026-05-21T17:25:01-08:00] KEEPER: WARN: Gateway is down. Attempting restart.
[2026-05-21T17:25:04-08:00] KEEPER: CRITICAL: Gateway restart failed!
[2026-05-21T17:25:04-08:00] KEEPER: CRITICAL: Gateway restart failed!
[2026-05-21T17:25:04-08:00] KEEPER: --- Keeper cycle end ---
[2026-05-21T17:25:04-08:00] KEEPER: --- Keeper cycle end ---
[2026-05-21T17:30:01-08:00] KEEPER: --- Keeper cycle start ---
[2026-05-21T17:30:01-08:00] KEEPER: --- Keeper cycle start ---
[2026-05-21T17:30:01-08:00] KEEPER: WARN: Gateway is down. Attempting restart.
[2026-05-21T17:30:01-08:00] KEEPER: WARN: Gateway is down. Attempting restart.
[2026-05-21T17:30:04-08:00] KEEPER: CRITICAL: Gateway restart failed!
[2026-05-21T17:30:04-08:00] KEEPER: CRITICAL: Gateway restart failed!
[2026-05-21T17:30:04-08:00] KEEPER: --- Keeper cycle end ---
[2026-05-21T17:30:04-08:00] KEEPER: --- Keeper cycle end ---
[2026-05-21T17:35:01-08:00] KEEPER: --- Keeper cycle start ---
[2026-05-21T17:35:01-08:00] KEEPER: --- Keeper cycle start ---
[2026-05-21T17:35:01-08:00] KEEPER: WARN: Gateway is down. Attempting restart.
[2026-05-21T17:35:01-08:00] KEEPER: WARN: Gateway is down. Attempting restart.
[2026-05-21T17:35:04-08:00] KEEPER: CRITICAL: Gateway restart failed!
[2026-05-21T17:35:04-08:00] KEEPER: CRITICAL: Gateway restart failed!
[2026-05-21T17:35:04-08:00] KEEPER: --- Keeper cycle end ---
[2026-05-21T17:35:04-08:00] KEEPER: --- Keeper cycle end ---
[2026-05-21T17:40:02-08:00] KEEPER: --- Keeper cycle start ---
[2026-05-21T17:40:02-08:00] KEEPER: --- Keeper cycle start ---
[2026-05-21T17:40:02-08:00] KEEPER: WARN: Gateway is down. Attempting restart.
[2026-05-21T17:40:02-08:00] KEEPER: WARN: Gateway is down. Attempting restart.
[2026-05-21T17:40:05-08:00] KEEPER: CRITICAL: Gateway restart failed!
[2026-05-21T17:40:05-08:00] KEEPER: CRITICAL: Gateway restart failed!
[2026-05-21T17:40:05-08:00] KEEPER: --- Keeper cycle end ---
[2026-05-21T17:40:05-08:00] KEEPER: --- Keeper cycle end ---
[2026-05-21T17:45:01-08:00] KEEPER: --- Keeper cycle start ---
[2026-05-21T17:45:01-08:00] KEEPER: --- Keeper cycle start ---
[2026-05-21T17:45:01-08:00] KEEPER: WARN: Gateway is down. Attempting restart.
[2026-05-21T17:45:01-08:00] KEEPER: WARN: Gateway is down. Attempting restart.
[2026-05-21T17:45:04-08:00] KEEPER: CRITICAL: Gateway restart failed!
[2026-05-21T17:45:04-08:00] KEEPER: CRITICAL: Gateway restart failed!
[2026-05-21T17:45:04-08:00] KEEPER: --- Keeper cycle end ---
[2026-05-21T17:45:04-08:00] KEEPER: --- Keeper cycle end ---
[2026-05-21T17:50:02-08:00] KEEPER: --- Keeper cycle start ---
[2026-05-21T17:50:02-08:00] KEEPER: --- Keeper cycle start ---
[2026-05-21T17:50:02-08:00] KEEPER: WARN: Gateway is down. Attempting restart.
[2026-05-21T17:50:02-08:00] KEEPER: WARN: Gateway is down. Attempting restart.
[2026-05-21T17:50:05-08:00] KEEPER: CRITICAL: Gateway restart failed!
[2026-05-21T17:50:05-08:00] KEEPER: CRITICAL: Gateway restart failed!
[2026-05-21T17:50:05-08:00] KEEPER: --- Keeper cycle end ---
[2026-05-21T17:50:05-08:00] KEEPER: --- Keeper cycle end ---
[2026-05-21T17:55:01-08:00] KEEPER: --- Keeper cycle start ---
[2026-05-21T17:55:01-08:00] KEEPER: --- Keeper cycle start ---
[2026-05-21T17:55:01-08:00] KEEPER: WARN: Gateway is down. Attempting restart.
[2026-05-21T17:55:01-08:00] KEEPER: WARN: Gateway is down. Attempting restart.
[2026-05-21T17:55:04-08:00] KEEPER: CRITICAL: Gateway restart failed!
[2026-05-21T17:55:04-08:00] KEEPER: CRITICAL: Gateway restart failed!
[2026-05-21T17:55:04-08:00] KEEPER: --- Keeper cycle end ---
[2026-05-21T17:55:04-08:00] KEEPER: --- Keeper cycle end ---
[2026-05-21T18:00:02-08:00] KEEPER: --- Keeper cycle start ---
[2026-05-21T18:00:02-08:00] KEEPER: --- Keeper cycle start ---
[2026-05-21T18:00:02-08:00] KEEPER: WARN: Gateway is down. Attempting restart.
[2026-05-21T18:00:02-08:00] KEEPER: WARN: Gateway is down. Attempting restart.
[2026-05-21T18:00:05-08:00] KEEPER: CRITICAL: Gateway restart failed!
[2026-05-21T18:00:05-08:00] KEEPER: CRITICAL: Gateway restart failed!
[2026-05-21T18:00:05-08:00] KEEPER: --- Keeper cycle end ---
[2026-05-21T18:00:05-08:00] KEEPER: --- Keeper cycle end ---
[2026-05-21T18:05:01-08:00] KEEPER: --- Keeper cycle start ---
[2026-05-21T18:05:01-08:00] KEEPER: --- Keeper cycle start ---
[2026-05-21T18:05:01-08:00] KEEPER: WARN: Gateway is down. Attempting restart.
[2026-05-21T18:05:01-08:00] KEEPER: WARN: Gateway is down. Attempting restart.
[2026-05-21T18:05:04-08:00] KEEPER: CRITICAL: Gateway restart failed!
[2026-05-21T18:05:04-08:00] KEEPER: CRITICAL: Gateway restart failed!
[2026-05-21T18:05:04-08:00] KEEPER: --- Keeper cycle end ---
[2026-05-21T18:05:04-08:00] KEEPER: --- Keeper cycle end ---
[2026-05-21T18:10:01-08:00] KEEPER: --- Keeper cycle start ---
[2026-05-21T18:10:01-08:00] KEEPER: --- Keeper cycle start ---
[2026-05-21T18:10:01-08:00] KEEPER: WARN: Gateway is down. Attempting restart.
[2026-05-21T18:10:01-08:00] KEEPER: WARN: Gateway is down. Attempting restart.
[2026-05-21T18:10:04-08:00] KEEPER: CRITICAL: Gateway restart failed!
[2026-05-21T18:10:04-08:00] KEEPER: CRITICAL: Gateway restart failed!
[2026-05-21T18:10:05-08:00] KEEPER: --- Keeper cycle end ---
[2026-05-21T18:10:05-08:00] KEEPER: --- Keeper cycle end ---
[2026-05-21T18:15:01-08:00] KEEPER: --- Keeper cycle start ---
[2026-05-21T18:15:01-08:00] KEEPER: --- Keeper cycle start ---
[2026-05-21T18:15:01-08:00] KEEPER: WARN: Gateway is down. Attempting restart.
[2026-05-21T18:15:01-08:00] KEEPER: WARN: Gateway is down. Attempting restart.
[2026-05-21T18:15:04-08:00] KEEPER: CRITICAL: Gateway restart failed!
[2026-05-21T18:15:04-08:00] KEEPER: CRITICAL: Gateway restart failed!
[2026-05-21T18:15:04-08:00] KEEPER: --- Keeper cycle end ---
[2026-05-21T18:15:04-08:00] KEEPER: --- Keeper cycle end ---
[2026-05-21T18:20:01-08:00] KEEPER: --- Keeper cycle start ---
[2026-05-21T18:20:01-08:00] KEEPER: --- Keeper cycle start ---
[2026-05-21T18:20:01-08:00] KEEPER: WARN: Gateway is down. Attempting restart.
[2026-05-21T18:20:01-08:00] KEEPER: WARN: Gateway is down. Attempting restart.
[2026-05-21T18:20:04-08:00] KEEPER: CRITICAL: Gateway restart failed!
[2026-05-21T18:20:04-08:00] KEEPER: CRITICAL: Gateway restart failed!
[2026-05-21T18:20:04-08:00] KEEPER: --- Keeper cycle end ---
[2026-05-21T18:20:04-08:00] KEEPER: --- Keeper cycle end ---
[2026-05-21T18:25:01-08:00] KEEPER: --- Keeper cycle start ---
[2026-05-21T18:25:01-08:00] KEEPER: --- Keeper cycle start ---
[2026-05-21T18:25:01-08:00] KEEPER: WARN: Gateway is down. Attempting restart.
[2026-05-21T18:25:01-08:00] KEEPER: WARN: Gateway is down. Attempting restart.
[2026-05-21T18:25:04-08:00] KEEPER: CRITICAL: Gateway restart failed!
[2026-05-21T18:25:04-08:00] KEEPER: CRITICAL: Gateway restart failed!
[2026-05-21T18:25:04-08:00] KEEPER: --- Keeper cycle end ---
[2026-05-21T18:25:04-08:00] KEEPER: --- Keeper cycle end ---
[2026-05-21T18:30:01-08:00] KEEPER: --- Keeper cycle start ---
[2026-05-21T18:30:01-08:00] KEEPER: --- Keeper cycle start ---
[2026-05-21T18:30:01-08:00] KEEPER: WARN: Gateway is down. Attempting restart.
[2026-05-21T18:30:01-08:00] KEEPER: WARN: Gateway is down. Attempting restart.
[2026-05-21T18:30:04-08:00] KEEPER: CRITICAL: Gateway restart failed!
[2026-05-21T18:30:04-08:00] KEEPER: CRITICAL: Gateway restart failed!
[2026-05-21T18:30:04-08:00] KEEPER: --- Keeper cycle end ---
[2026-05-21T18:30:04-08:00] KEEPER: --- Keeper cycle end ---
[2026-05-21T18:35:01-08:00] KEEPER: --- Keeper cycle start ---
[2026-05-21T18:35:01-08:00] KEEPER: --- Keeper cycle start ---
[2026-05-21T18:35:01-08:00] KEEPER: WARN: Gateway is down. Attempting restart.
[2026-05-21T18:35:01-08:00] KEEPER: WARN: Gateway is down. Attempting restart.
[2026-05-21T18:35:04-08:00] KEEPER: CRITICAL: Gateway restart failed!
[2026-05-21T18:35:04-08:00] KEEPER: CRITICAL: Gateway restart failed!
[2026-05-21T18:35:04-08:00] KEEPER: --- Keeper cycle end ---
[2026-05-21T18:35:04-08:00] KEEPER: --- Keeper cycle end ---
[2026-05-21T18:40:01-08:00] KEEPER: --- Keeper cycle start ---
[2026-05-21T18:40:01-08:00] KEEPER: --- Keeper cycle start ---
[2026-05-21T18:40:01-08:00] KEEPER: WARN: Gateway is down. Attempting restart.
[2026-05-21T18:40:01-08:00] KEEPER: WARN: Gateway is down. Attempting restart.
[2026-05-21T18:40:04-08:00] KEEPER: CRITICAL: Gateway restart failed!
[2026-05-21T18:40:04-08:00] KEEPER: CRITICAL: Gateway restart failed!
[2026-05-21T18:40:04-08:00] KEEPER: --- Keeper cycle end ---
[2026-05-21T18:40:04-08:00] KEEPER: --- Keeper cycle end ---
[2026-05-21T18:45:01-08:00] KEEPER: --- Keeper cycle start ---
[2026-05-21T18:45:01-08:00] KEEPER: --- Keeper cycle start ---
[2026-05-21T18:45:01-08:00] KEEPER: WARN: Gateway is down. Attempting restart.
[2026-05-21T18:45:01-08:00] KEEPER: WARN: Gateway is down. Attempting restart.
[2026-05-21T18:45:04-08:00] KEEPER: CRITICAL: Gateway restart failed!
[2026-05-21T18:45:04-08:00] KEEPER: CRITICAL: Gateway restart failed!
[2026-05-21T18:45:05-08:00] KEEPER: --- Keeper cycle end ---
[2026-05-21T18:45:05-08:00] KEEPER: --- Keeper cycle end ---
[2026-05-21T18:50:01-08:00] KEEPER: --- Keeper cycle start ---
[2026-05-21T18:50:01-08:00] KEEPER: --- Keeper cycle start ---
[2026-05-21T18:50:01-08:00] KEEPER: WARN: Gateway is down. Attempting restart.
[2026-05-21T18:50:01-08:00] KEEPER: WARN: Gateway is down. Attempting restart.
[2026-05-21T18:50:04-08:00] KEEPER: CRITICAL: Gateway restart failed!
[2026-05-21T18:50:04-08:00] KEEPER: CRITICAL: Gateway restart failed!
[2026-05-21T18:50:04-08:00] KEEPER: --- Keeper cycle end ---
[2026-05-21T18:50:04-08:00] KEEPER: --- Keeper cycle end ---
[2026-05-21T18:55:01-08:00] KEEPER: --- Keeper cycle start ---
[2026-05-21T18:55:01-08:00] KEEPER: --- Keeper cycle start ---
[2026-05-21T18:55:01-08:00] KEEPER: WARN: Gateway is down. Attempting restart.
[2026-05-21T18:55:01-08:00] KEEPER: WARN: Gateway is down. Attempting restart.
[2026-05-21T18:55:04-08:00] KEEPER: CRITICAL: Gateway restart failed!
[2026-05-21T18:55:04-08:00] KEEPER: CRITICAL: Gateway restart failed!
[2026-05-21T18:55:04-08:00] KEEPER: --- Keeper cycle end ---
[2026-05-21T18:55:04-08:00] KEEPER: --- Keeper cycle end ---
[2026-05-21T19:00:01-08:00] KEEPER: --- Keeper cycle start ---
[2026-05-21T19:00:01-08:00] KEEPER: --- Keeper cycle start ---
[2026-05-21T19:00:01-08:00] KEEPER: WARN: Gateway is down. Attempting restart.
[2026-05-21T19:00:01-08:00] KEEPER: WARN: Gateway is down. Attempting restart.
[2026-05-21T19:00:04-08:00] KEEPER: CRITICAL: Gateway restart failed!
[2026-05-21T19:00:04-08:00] KEEPER: CRITICAL: Gateway restart failed!
[2026-05-21T19:00:05-08:00] KEEPER: --- Keeper cycle end ---
[2026-05-21T19:00:05-08:00] KEEPER: --- Keeper cycle end ---
[2026-05-21T19:05:01-08:00] KEEPER: --- Keeper cycle start ---
[2026-05-21T19:05:01-08:00] KEEPER: --- Keeper cycle start ---
[2026-05-21T19:05:01-08:00] KEEPER: WARN: Gateway is down. Attempting restart.
[2026-05-21T19:05:01-08:00] KEEPER: WARN: Gateway is down. Attempting restart.
[2026-05-21T19:05:04-08:00] KEEPER: CRITICAL: Gateway restart failed!
[2026-05-21T19:05:04-08:00] KEEPER: CRITICAL: Gateway restart failed!
[2026-05-21T19:05:05-08:00] KEEPER: --- Keeper cycle end ---
[2026-05-21T19:05:05-08:00] KEEPER: --- Keeper cycle end ---
[2026-05-21T19:10:01-08:00] KEEPER: --- Keeper cycle start ---
[2026-05-21T19:10:01-08:00] KEEPER: --- Keeper cycle start ---
[2026-05-21T19:10:01-08:00] KEEPER: WARN: Gateway is down. Attempting restart.
[2026-05-21T19:10:01-08:00] KEEPER: WARN: Gateway is down. Attempting restart.
[2026-05-21T19:10:04-08:00] KEEPER: CRITICAL: Gateway restart failed!
[2026-05-21T19:10:04-08:00] KEEPER: CRITICAL: Gateway restart failed!
[2026-05-21T19:10:04-08:00] KEEPER: --- Keeper cycle end ---
[2026-05-21T19:10:04-08:00] KEEPER: --- Keeper cycle end ---
[2026-05-21T19:15:01-08:00] KEEPER: --- Keeper cycle start ---
[2026-05-21T19:15:01-08:00] KEEPER: --- Keeper cycle start ---
[2026-05-21T19:15:01-08:00] KEEPER: WARN: Gateway is down. Attempting restart.
[2026-05-21T19:15:01-08:00] KEEPER: WARN: Gateway is down. Attempting restart.
[2026-05-21T19:15:04-08:00] KEEPER: CRITICAL: Gateway restart failed!
[2026-05-21T19:15:04-08:00] KEEPER: CRITICAL: Gateway restart failed!
[2026-05-21T19:15:04-08:00] KEEPER: --- Keeper cycle end ---
[2026-05-21T19:15:04-08:00] KEEPER: --- Keeper cycle end ---
[2026-05-21T19:20:01-08:00] KEEPER: --- Keeper cycle start ---
[2026-05-21T19:20:01-08:00] KEEPER: --- Keeper cycle start ---
[2026-05-21T19:20:01-08:00] KEEPER: WARN: Gateway is down. Attempting restart.
[2026-05-21T19:20:01-08:00] KEEPER: WARN: Gateway is down. Attempting restart.
[2026-05-21T19:20:04-08:00] KEEPER: CRITICAL: Gateway restart failed!
[2026-05-21T19:20:04-08:00] KEEPER: CRITICAL: Gateway restart failed!
[2026-05-21T19:20:04-08:00] KEEPER: --- Keeper cycle end ---
[2026-05-21T19:20:04-08:00] KEEPER: --- Keeper cycle end ---
[2026-05-21T19:25:01-08:00] KEEPER: --- Keeper cycle start ---
[2026-05-21T19:25:01-08:00] KEEPER: --- Keeper cycle start ---
[2026-05-21T19:25:01-08:00] KEEPER: WARN: Gateway is down. Attempting restart.
[2026-05-21T19:25:01-08:00] KEEPER: WARN: Gateway is down. Attempting restart.
[2026-05-21T19:25:04-08:00] KEEPER: CRITICAL: Gateway restart failed!
[2026-05-21T19:25:04-08:00] KEEPER: CRITICAL: Gateway restart failed!
[2026-05-21T19:25:05-08:00] KEEPER: --- Keeper cycle end ---
[2026-05-21T19:25:05-08:00] KEEPER: --- Keeper cycle end ---
[2026-05-21T19:30:02-08:00] KEEPER: --- Keeper cycle start ---
[2026-05-21T19:30:02-08:00] KEEPER: --- Keeper cycle start ---
[2026-05-21T19:30:02-08:00] KEEPER: WARN: Gateway is down. Attempting restart.
[2026-05-21T19:30:02-08:00] KEEPER: WARN: Gateway is down. Attempting restart.
[2026-05-21T19:30:05-08:00] KEEPER: CRITICAL: Gateway restart failed!
[2026-05-21T19:30:05-08:00] KEEPER: CRITICAL: Gateway restart failed!
[2026-05-21T19:30:05-08:00] KEEPER: --- Keeper cycle end ---
[2026-05-21T19:30:05-08:00] KEEPER: --- Keeper cycle end ---
[2026-05-21T19:35:01-08:00] KEEPER: --- Keeper cycle start ---
[2026-05-21T19:35:01-08:00] KEEPER: --- Keeper cycle start ---
[2026-05-21T19:35:01-08:00] KEEPER: WARN: Gateway is down. Attempting restart.
[2026-05-21T19:35:01-08:00] KEEPER: WARN: Gateway is down. Attempting restart.
[2026-05-21T19:35:04-08:00] KEEPER: CRITICAL: Gateway restart failed!
[2026-05-21T19:35:04-08:00] KEEPER: CRITICAL: Gateway restart failed!
[2026-05-21T19:35:04-08:00] KEEPER: --- Keeper cycle end ---
[2026-05-21T19:35:04-08:00] KEEPER: --- Keeper cycle end ---
[2026-05-21T19:40:01-08:00] KEEPER: --- Keeper cycle start ---
[2026-05-21T19:40:01-08:00] KEEPER: --- Keeper cycle start ---
[2026-05-21T19:40:01-08:00] KEEPER: WARN: Gateway is down. Attempting restart.
[2026-05-21T19:40:01-08:00] KEEPER: WARN: Gateway is down. Attempting restart.
[2026-05-21T19:40:04-08:00] KEEPER: CRITICAL: Gateway restart failed!
[2026-05-21T19:40:04-08:00] KEEPER: CRITICAL: Gateway restart failed!
[2026-05-21T19:40:04-08:00] KEEPER: --- Keeper cycle end ---
[2026-05-21T19:40:04-08:00] KEEPER: --- Keeper cycle end ---
[2026-05-21T19:45:01-08:00] KEEPER: --- Keeper cycle start ---
[2026-05-21T19:45:01-08:00] KEEPER: --- Keeper cycle start ---
[2026-05-21T19:45:01-08:00] KEEPER: WARN: Gateway is down. Attempting restart.
[2026-05-21T19:45:01-08:00] KEEPER: WARN: Gateway is down. Attempting restart.
[2026-05-21T19:45:04-08:00] KEEPER: CRITICAL: Gateway restart failed!
[2026-05-21T19:45:04-08:00] KEEPER: CRITICAL: Gateway restart failed!
[2026-05-21T19:45:04-08:00] KEEPER: --- Keeper cycle end ---
[2026-05-21T19:45:04-08:00] KEEPER: --- Keeper cycle end ---
[2026-05-21T19:50:01-08:00] KEEPER: --- Keeper cycle start ---
[2026-05-21T19:50:01-08:00] KEEPER: --- Keeper cycle start ---
[2026-05-21T19:50:01-08:00] KEEPER: WARN: Gateway is down. Attempting restart.
[2026-05-21T19:50:01-08:00] KEEPER: WARN: Gateway is down. Attempting restart.
[2026-05-21T19:50:04-08:00] KEEPER: CRITICAL: Gateway restart failed!
[2026-05-21T19:50:04-08:00] KEEPER: CRITICAL: Gateway restart failed!
[2026-05-21T19:50:04-08:00] KEEPER: --- Keeper cycle end ---
[2026-05-21T19:50:04-08:00] KEEPER: --- Keeper cycle end ---
[2026-05-21T19:55:01-08:00] KEEPER: --- Keeper cycle start ---
[2026-05-21T19:55:01-08:00] KEEPER: --- Keeper cycle start ---
[2026-05-21T19:55:01-08:00] KEEPER: WARN: Gateway is down. Attempting restart.
[2026-05-21T19:55:01-08:00] KEEPER: WARN: Gateway is down. Attempting restart.
[2026-05-21T19:55:04-08:00] KEEPER: CRITICAL: Gateway restart failed!
[2026-05-21T19:55:04-08:00] KEEPER: CRITICAL: Gateway restart failed!
[2026-05-21T19:55:04-08:00] KEEPER: --- Keeper cycle end ---
[2026-05-21T19:55:04-08:00] KEEPER: --- Keeper cycle end ---
[2026-05-21T20:00:01-08:00] KEEPER: --- Keeper cycle start ---
[2026-05-21T20:00:01-08:00] KEEPER: --- Keeper cycle start ---
[2026-05-21T20:00:01-08:00] KEEPER: WARN: Gateway is down. Attempting restart.
[2026-05-21T20:00:01-08:00] KEEPER: WARN: Gateway is down. Attempting restart.
[2026-05-21T20:00:04-08:00] KEEPER: CRITICAL: Gateway restart failed!
[2026-05-21T20:00:04-08:00] KEEPER: CRITICAL: Gateway restart failed!
[2026-05-21T20:00:04-08:00] KEEPER: --- Keeper cycle end ---
[2026-05-21T20:00:04-08:00] KEEPER: --- Keeper cycle end ---
[2026-05-21T20:05:00-08:00] KEEPER: --- Keeper cycle start ---
[2026-05-21T20:05:00-08:00] KEEPER: --- Keeper cycle start ---
[2026-05-21T20:05:00-08:00] KEEPER: WARN: Gateway is down. Attempting restart.
[2026-05-21T20:05:00-08:00] KEEPER: WARN: Gateway is down. Attempting restart.
[2026-05-21T20:05:03-08:00] KEEPER: CRITICAL: Gateway restart failed!
[2026-05-21T20:05:03-08:00] KEEPER: CRITICAL: Gateway restart failed!
[2026-05-21T20:05:03-08:00] KEEPER: --- Keeper cycle end ---
[2026-05-21T20:05:03-08:00] KEEPER: --- Keeper cycle end ---
[2026-05-21T20:10:00-08:00] KEEPER: --- Keeper cycle start ---
[2026-05-21T20:10:00-08:00] KEEPER: --- Keeper cycle start ---
[2026-05-21T20:10:00-08:00] KEEPER: WARN: Gateway is down. Attempting restart.
[2026-05-21T20:10:00-08:00] KEEPER: WARN: Gateway is down. Attempting restart.
[2026-05-21T20:10:02-08:00] KEEPER: CRITICAL: Gateway restart failed!
[2026-05-21T20:10:02-08:00] KEEPER: CRITICAL: Gateway restart failed!
[2026-05-21T20:10:02-08:00] KEEPER: --- Keeper cycle end ---
[2026-05-21T20:10:02-08:00] KEEPER: --- Keeper cycle end ---
[2026-05-21T20:15:00-08:00] KEEPER: --- Keeper cycle start ---
[2026-05-21T20:15:00-08:00] KEEPER: --- Keeper cycle start ---
[2026-05-21T20:15:00-08:00] KEEPER: WARN: Gateway is down. Attempting restart.
[2026-05-21T20:15:00-08:00] KEEPER: WARN: Gateway is down. Attempting restart.
[2026-05-21T20:15:03-08:00] KEEPER: CRITICAL: Gateway restart failed!
[2026-05-21T20:15:03-08:00] KEEPER: CRITICAL: Gateway restart failed!
[2026-05-21T20:15:04-08:00] KEEPER: --- Keeper cycle end ---
[2026-05-21T20:15:04-08:00] KEEPER: --- Keeper cycle end ---
[2026-05-21T20:20:01-08:00] KEEPER: --- Keeper cycle start ---
[2026-05-21T20:20:01-08:00] KEEPER: --- Keeper cycle start ---
[2026-05-21T20:20:01-08:00] KEEPER: WARN: Gateway is down. Attempting restart.
[2026-05-21T20:20:01-08:00] KEEPER: WARN: Gateway is down. Attempting restart.
[2026-05-21T20:20:04-08:00] KEEPER: CRITICAL: Gateway restart failed!
[2026-05-21T20:20:04-08:00] KEEPER: CRITICAL: Gateway restart failed!
[2026-05-21T20:20:04-08:00] KEEPER: --- Keeper cycle end ---
[2026-05-21T20:20:04-08:00] KEEPER: --- Keeper cycle end ---
[2026-05-21T20:25:01-08:00] KEEPER: --- Keeper cycle start ---
[2026-05-21T20:25:01-08:00] KEEPER: --- Keeper cycle start ---
[2026-05-21T20:25:01-08:00] KEEPER: WARN: Gateway is down. Attempting restart.
[2026-05-21T20:25:01-08:00] KEEPER: WARN: Gateway is down. Attempting restart.
[2026-05-21T20:25:04-08:00] KEEPER: CRITICAL: Gateway restart failed!
[2026-05-21T20:25:04-08:00] KEEPER: CRITICAL: Gateway restart failed!
[2026-05-21T20:25:04-08:00] KEEPER: --- Keeper cycle end ---
[2026-05-21T20:25:04-08:00] KEEPER: --- Keeper cycle end ---
[2026-05-21T20:30:01-08:00] KEEPER: --- Keeper cycle start ---
[2026-05-21T20:30:01-08:00] KEEPER: --- Keeper cycle start ---
[2026-05-21T20:30:01-08:00] KEEPER: WARN: Gateway is down. Attempting restart.
[2026-05-21T20:30:01-08:00] KEEPER: WARN: Gateway is down. Attempting restart.
[2026-05-21T20:30:04-08:00] KEEPER: CRITICAL: Gateway restart failed!
[2026-05-21T20:30:04-08:00] KEEPER: CRITICAL: Gateway restart failed!
[2026-05-21T20:30:04-08:00] KEEPER: --- Keeper cycle end ---
[2026-05-21T20:30:04-08:00] KEEPER: --- Keeper cycle end ---
[2026-05-21T20:35:01-08:00] KEEPER: --- Keeper cycle start ---
[2026-05-21T20:35:01-08:00] KEEPER: --- Keeper cycle start ---
[2026-05-21T20:35:01-08:00] KEEPER: WARN: Gateway is down. Attempting restart.
[2026-05-21T20:35:01-08:00] KEEPER: WARN: Gateway is down. Attempting restart.
[2026-05-21T20:35:04-08:00] KEEPER: CRITICAL: Gateway restart failed!
[2026-05-21T20:35:04-08:00] KEEPER: CRITICAL: Gateway restart failed!
[2026-05-21T20:35:04-08:00] KEEPER: --- Keeper cycle end ---
[2026-05-21T20:35:04-08:00] KEEPER: --- Keeper cycle end ---
[2026-05-21T20:40:01-08:00] KEEPER: --- Keeper cycle start ---
[2026-05-21T20:40:01-08:00] KEEPER: --- Keeper cycle start ---
[2026-05-21T20:40:01-08:00] KEEPER: WARN: Gateway is down. Attempting restart.
[2026-05-21T20:40:01-08:00] KEEPER: WARN: Gateway is down. Attempting restart.
[2026-05-21T20:40:04-08:00] KEEPER: CRITICAL: Gateway restart failed!
[2026-05-21T20:40:04-08:00] KEEPER: CRITICAL: Gateway restart failed!
[2026-05-21T20:40:04-08:00] KEEPER: --- Keeper cycle end ---
[2026-05-21T20:40:04-08:00] KEEPER: --- Keeper cycle end ---
[2026-05-21T20:45:01-08:00] KEEPER: --- Keeper cycle start ---
[2026-05-21T20:45:01-08:00] KEEPER: --- Keeper cycle start ---
[2026-05-21T20:45:01-08:00] KEEPER: WARN: Gateway is down. Attempting restart.
[2026-05-21T20:45:01-08:00] KEEPER: WARN: Gateway is down. Attempting restart.
[2026-05-21T20:45:04-08:00] KEEPER: CRITICAL: Gateway restart failed!
[2026-05-21T20:45:04-08:00] KEEPER: CRITICAL: Gateway restart failed!
[2026-05-21T20:45:04-08:00] KEEPER: --- Keeper cycle end ---
[2026-05-21T20:45:04-08:00] KEEPER: --- Keeper cycle end ---
[2026-05-21T20:50:01-08:00] KEEPER: --- Keeper cycle start ---
[2026-05-21T20:50:01-08:00] KEEPER: --- Keeper cycle start ---
[2026-05-21T20:50:01-08:00] KEEPER: WARN: Gateway is down. Attempting restart.
[2026-05-21T20:50:01-08:00] KEEPER: WARN: Gateway is down. Attempting restart.
[2026-05-21T20:50:04-08:00] KEEPER: CRITICAL: Gateway restart failed!
[2026-05-21T20:50:04-08:00] KEEPER: CRITICAL: Gateway restart failed!
[2026-05-21T20:50:04-08:00] KEEPER: --- Keeper cycle end ---
[2026-05-21T20:50:04-08:00] KEEPER: --- Keeper cycle end ---
[2026-05-21T20:55:01-08:00] KEEPER: --- Keeper cycle start ---
[2026-05-21T20:55:01-08:00] KEEPER: --- Keeper cycle start ---
[2026-05-21T20:55:01-08:00] KEEPER: WARN: Gateway is down. Attempting restart.
[2026-05-21T20:55:01-08:00] KEEPER: WARN: Gateway is down. Attempting restart.
[2026-05-21T20:55:04-08:00] KEEPER: CRITICAL: Gateway restart failed!
[2026-05-21T20:55:04-08:00] KEEPER: CRITICAL: Gateway restart failed!
[2026-05-21T20:55:04-08:00] KEEPER: --- Keeper cycle end ---
[2026-05-21T20:55:04-08:00] KEEPER: --- Keeper cycle end ---
[2026-05-21T21:00:01-08:00] KEEPER: --- Keeper cycle start ---
[2026-05-21T21:00:01-08:00] KEEPER: --- Keeper cycle start ---
[2026-05-21T21:00:01-08:00] KEEPER: WARN: Gateway is down. Attempting restart.
[2026-05-21T21:00:01-08:00] KEEPER: WARN: Gateway is down. Attempting restart.
[2026-05-21T21:00:04-08:00] KEEPER: CRITICAL: Gateway restart failed!
[2026-05-21T21:00:04-08:00] KEEPER: CRITICAL: Gateway restart failed!
[2026-05-21T21:00:04-08:00] KEEPER: --- Keeper cycle end ---
[2026-05-21T21:00:04-08:00] KEEPER: --- Keeper cycle end ---
[2026-05-21T21:05:01-08:00] KEEPER: --- Keeper cycle start ---
[2026-05-21T21:05:01-08:00] KEEPER: --- Keeper cycle start ---
[2026-05-21T21:05:01-08:00] KEEPER: WARN: Gateway is down. Attempting restart.
[2026-05-21T21:05:01-08:00] KEEPER: WARN: Gateway is down. Attempting restart.
[2026-05-21T21:05:04-08:00] KEEPER: CRITICAL: Gateway restart failed!
[2026-05-21T21:05:04-08:00] KEEPER: CRITICAL: Gateway restart failed!
[2026-05-21T21:05:04-08:00] KEEPER: --- Keeper cycle end ---
[2026-05-21T21:05:04-08:00] KEEPER: --- Keeper cycle end ---
[2026-05-21T21:10:01-08:00] KEEPER: --- Keeper cycle start ---
[2026-05-21T21:10:01-08:00] KEEPER: --- Keeper cycle start ---
[2026-05-21T21:10:01-08:00] KEEPER: WARN: Gateway is down. Attempting restart.
[2026-05-21T21:10:01-08:00] KEEPER: WARN: Gateway is down. Attempting restart.
[2026-05-21T21:10:04-08:00] KEEPER: CRITICAL: Gateway restart failed!
[2026-05-21T21:10:04-08:00] KEEPER: CRITICAL: Gateway restart failed!
[2026-05-21T21:10:04-08:00] KEEPER: --- Keeper cycle end ---
[2026-05-21T21:10:04-08:00] KEEPER: --- Keeper cycle end ---
[2026-05-21T21:15:01-08:00] KEEPER: --- Keeper cycle start ---
[2026-05-21T21:15:01-08:00] KEEPER: --- Keeper cycle start ---
[2026-05-21T21:15:01-08:00] KEEPER: WARN: Gateway is down. Attempting restart.
[2026-05-21T21:15:01-08:00] KEEPER: WARN: Gateway is down. Attempting restart.
[2026-05-21T21:15:04-08:00] KEEPER: CRITICAL: Gateway restart failed!
[2026-05-21T21:15:04-08:00] KEEPER: CRITICAL: Gateway restart failed!
[2026-05-21T21:15:05-08:00] KEEPER: --- Keeper cycle end ---
[2026-05-21T21:15:05-08:00] KEEPER: --- Keeper cycle end ---
[2026-05-21T21:20:01-08:00] KEEPER: --- Keeper cycle start ---
[2026-05-21T21:20:01-08:00] KEEPER: --- Keeper cycle start ---
[2026-05-21T21:20:01-08:00] KEEPER: WARN: Gateway is down. Attempting restart.
[2026-05-21T21:20:01-08:00] KEEPER: WARN: Gateway is down. Attempting restart.
[2026-05-21T21:20:04-08:00] KEEPER: CRITICAL: Gateway restart failed!
[2026-05-21T21:20:04-08:00] KEEPER: CRITICAL: Gateway restart failed!
[2026-05-21T21:20:05-08:00] KEEPER: --- Keeper cycle end ---
[2026-05-21T21:20:05-08:00] KEEPER: --- Keeper cycle end ---
[2026-05-21T21:25:01-08:00] KEEPER: --- Keeper cycle start ---
[2026-05-21T21:25:01-08:00] KEEPER: --- Keeper cycle start ---
[2026-05-21T21:25:01-08:00] KEEPER: WARN: Gateway is down. Attempting restart.
[2026-05-21T21:25:01-08:00] KEEPER: WARN: Gateway is down. Attempting restart.
[2026-05-21T21:25:04-08:00] KEEPER: CRITICAL: Gateway restart failed!
[2026-05-21T21:25:04-08:00] KEEPER: CRITICAL: Gateway restart failed!
[2026-05-21T21:25:04-08:00] KEEPER: --- Keeper cycle end ---
[2026-05-21T21:25:04-08:00] KEEPER: --- Keeper cycle end ---
[2026-05-21T21:30:01-08:00] KEEPER: --- Keeper cycle start ---
[2026-05-21T21:30:01-08:00] KEEPER: --- Keeper cycle start ---
[2026-05-21T21:30:01-08:00] KEEPER: WARN: Gateway is down. Attempting restart.
[2026-05-21T21:30:01-08:00] KEEPER: WARN: Gateway is down. Attempting restart.
[2026-05-21T21:30:04-08:00] KEEPER: CRITICAL: Gateway restart failed!
[2026-05-21T21:30:04-08:00] KEEPER: CRITICAL: Gateway restart failed!
[2026-05-21T21:30:04-08:00] KEEPER: --- Keeper cycle end ---
[2026-05-21T21:30:04-08:00] KEEPER: --- Keeper cycle end ---
[2026-05-21T21:35:01-08:00] KEEPER: --- Keeper cycle start ---
[2026-05-21T21:35:01-08:00] KEEPER: --- Keeper cycle start ---
[2026-05-21T21:35:01-08:00] KEEPER: WARN: Gateway is down. Attempting restart.
[2026-05-21T21:35:01-08:00] KEEPER: WARN: Gateway is down. Attempting restart.
[2026-05-21T21:35:04-08:00] KEEPER: CRITICAL: Gateway restart failed!
[2026-05-21T21:35:04-08:00] KEEPER: CRITICAL: Gateway restart failed!
[2026-05-21T21:35:04-08:00] KEEPER: --- Keeper cycle end ---
[2026-05-21T21:35:04-08:00] KEEPER: --- Keeper cycle end ---
[2026-05-21T21:40:01-08:00] KEEPER: --- Keeper cycle start ---
[2026-05-21T21:40:01-08:00] KEEPER: --- Keeper cycle start ---
[2026-05-21T21:40:01-08:00] KEEPER: WARN: Gateway is down. Attempting restart.
[2026-05-21T21:40:01-08:00] KEEPER: WARN: Gateway is down. Attempting restart.
[2026-05-21T21:40:04-08:00] KEEPER: CRITICAL: Gateway restart failed!
[2026-05-21T21:40:04-08:00] KEEPER: CRITICAL: Gateway restart failed!
[2026-05-21T21:40:04-08:00] KEEPER: --- Keeper cycle end ---
[2026-05-21T21:40:04-08:00] KEEPER: --- Keeper cycle end ---
[2026-05-21T21:45:01-08:00] KEEPER: --- Keeper cycle start ---
[2026-05-21T21:45:01-08:00] KEEPER: --- Keeper cycle start ---
[2026-05-21T21:45:01-08:00] KEEPER: WARN: Gateway is down. Attempting restart.
[2026-05-21T21:45:01-08:00] KEEPER: WARN: Gateway is down. Attempting restart.
[2026-05-21T21:45:04-08:00] KEEPER: CRITICAL: Gateway restart failed!
[2026-05-21T21:45:04-08:00] KEEPER: CRITICAL: Gateway restart failed!
[2026-05-21T21:45:05-08:00] KEEPER: --- Keeper cycle end ---
[2026-05-21T21:45:05-08:00] KEEPER: --- Keeper cycle end ---
[2026-05-21T21:50:01-08:00] KEEPER: --- Keeper cycle start ---
[2026-05-21T21:50:01-08:00] KEEPER: --- Keeper cycle start ---
[2026-05-21T21:50:01-08:00] KEEPER: WARN: Gateway is down. Attempting restart.
[2026-05-21T21:50:01-08:00] KEEPER: WARN: Gateway is down. Attempting restart.
[2026-05-21T21:50:04-08:00] KEEPER: CRITICAL: Gateway restart failed!
[2026-05-21T21:50:04-08:00] KEEPER: CRITICAL: Gateway restart failed!
[2026-05-21T21:50:04-08:00] KEEPER: --- Keeper cycle end ---
[2026-05-21T21:50:04-08:00] KEEPER: --- Keeper cycle end ---
[2026-05-21T21:55:01-08:00] KEEPER: --- Keeper cycle start ---
[2026-05-21T21:55:01-08:00] KEEPER: --- Keeper cycle start ---
[2026-05-21T21:55:01-08:00] KEEPER: WARN: Gateway is down. Attempting restart.
[2026-05-21T21:55:01-08:00] KEEPER: WARN: Gateway is down. Attempting restart.
[2026-05-21T21:55:04-08:00] KEEPER: CRITICAL: Gateway restart failed!
[2026-05-21T21:55:04-08:00] KEEPER: CRITICAL: Gateway restart failed!
[2026-05-21T21:55:04-08:00] KEEPER: --- Keeper cycle end ---
[2026-05-21T21:55:04-08:00] KEEPER: --- Keeper cycle end ---
[2026-05-21T22:00:01-08:00] KEEPER: --- Keeper cycle start ---
[2026-05-21T22:00:01-08:00] KEEPER: --- Keeper cycle start ---
[2026-05-21T22:00:01-08:00] KEEPER: WARN: Gateway is down. Attempting restart.
[2026-05-21T22:00:01-08:00] KEEPER: WARN: Gateway is down. Attempting restart.
[2026-05-21T22:00:04-08:00] KEEPER: CRITICAL: Gateway restart failed!
[2026-05-21T22:00:04-08:00] KEEPER: CRITICAL: Gateway restart failed!
[2026-05-21T22:00:04-08:00] KEEPER: --- Keeper cycle end ---
[2026-05-21T22:00:04-08:00] KEEPER: --- Keeper cycle end ---
[2026-05-21T22:05:01-08:00] KEEPER: --- Keeper cycle start ---
[2026-05-21T22:05:01-08:00] KEEPER: --- Keeper cycle start ---
[2026-05-21T22:05:01-08:00] KEEPER: WARN: Gateway is down. Attempting restart.
[2026-05-21T22:05:01-08:00] KEEPER: WARN: Gateway is down. Attempting restart.
[2026-05-21T22:05:04-08:00] KEEPER: CRITICAL: Gateway restart failed!
[2026-05-21T22:05:04-08:00] KEEPER: CRITICAL: Gateway restart failed!
[2026-05-21T22:05:05-08:00] KEEPER: --- Keeper cycle end ---
[2026-05-21T22:05:05-08:00] KEEPER: --- Keeper cycle end ---
[2026-05-21T22:10:01-08:00] KEEPER: --- Keeper cycle start ---
[2026-05-21T22:10:01-08:00] KEEPER: --- Keeper cycle start ---
[2026-05-21T22:10:01-08:00] KEEPER: WARN: Gateway is down. Attempting restart.
[2026-05-21T22:10:01-08:00] KEEPER: WARN: Gateway is down. Attempting restart.
[2026-05-21T22:10:04-08:00] KEEPER: CRITICAL: Gateway restart failed!
[2026-05-21T22:10:04-08:00] KEEPER: CRITICAL: Gateway restart failed!
[2026-05-21T22:10:04-08:00] KEEPER: --- Keeper cycle end ---
[2026-05-21T22:10:04-08:00] KEEPER: --- Keeper cycle end ---
[2026-05-21T22:15:01-08:00] KEEPER: --- Keeper cycle start ---
[2026-05-21T22:15:01-08:00] KEEPER: --- Keeper cycle start ---
[2026-05-21T22:15:01-08:00] KEEPER: WARN: Gateway is down. Attempting restart.
[2026-05-21T22:15:01-08:00] KEEPER: WARN: Gateway is down. Attempting restart.
[2026-05-21T22:15:04-08:00] KEEPER: CRITICAL: Gateway restart failed!
[2026-05-21T22:15:04-08:00] KEEPER: CRITICAL: Gateway restart failed!
[2026-05-21T22:15:04-08:00] KEEPER: --- Keeper cycle end ---
[2026-05-21T22:15:04-08:00] KEEPER: --- Keeper cycle end ---
[2026-05-21T22:20:01-08:00] KEEPER: --- Keeper cycle start ---
[2026-05-21T22:20:01-08:00] KEEPER: --- Keeper cycle start ---
[2026-05-21T22:20:01-08:00] KEEPER: WARN: Gateway is down. Attempting restart.
[2026-05-21T22:20:01-08:00] KEEPER: WARN: Gateway is down. Attempting restart.
[2026-05-21T22:20:04-08:00] KEEPER: CRITICAL: Gateway restart failed!
[2026-05-21T22:20:04-08:00] KEEPER: CRITICAL: Gateway restart failed!
[2026-05-21T22:20:04-08:00] KEEPER: --- Keeper cycle end ---
[2026-05-21T22:20:04-08:00] KEEPER: --- Keeper cycle end ---
[2026-05-21T22:25:01-08:00] KEEPER: --- Keeper cycle start ---
[2026-05-21T22:25:01-08:00] KEEPER: --- Keeper cycle start ---
[2026-05-21T22:25:01-08:00] KEEPER: WARN: Gateway is down. Attempting restart.
[2026-05-21T22:25:01-08:00] KEEPER: WARN: Gateway is down. Attempting restart.
[2026-05-21T22:25:04-08:00] KEEPER: CRITICAL: Gateway restart failed!
[2026-05-21T22:25:04-08:00] KEEPER: CRITICAL: Gateway restart failed!
[2026-05-21T22:25:04-08:00] KEEPER: --- Keeper cycle end ---
[2026-05-21T22:25:04-08:00] KEEPER: --- Keeper cycle end ---
[2026-05-21T22:30:00-08:00] KEEPER: --- Keeper cycle start ---
[2026-05-21T22:30:00-08:00] KEEPER: --- Keeper cycle start ---
[2026-05-21T22:30:00-08:00] KEEPER: WARN: Gateway is down. Attempting restart.
[2026-05-21T22:30:00-08:00] KEEPER: WARN: Gateway is down. Attempting restart.
[2026-05-21T22:30:03-08:00] KEEPER: CRITICAL: Gateway restart failed!
[2026-05-21T22:30:03-08:00] KEEPER: CRITICAL: Gateway restart failed!
[2026-05-21T22:30:04-08:00] KEEPER: --- Keeper cycle end ---
[2026-05-21T22:30:04-08:00] KEEPER: --- Keeper cycle end ---
[2026-05-21T22:35:01-08:00] KEEPER: --- Keeper cycle start ---
[2026-05-21T22:35:01-08:00] KEEPER: --- Keeper cycle start ---
[2026-05-21T22:35:01-08:00] KEEPER: WARN: Gateway is down. Attempting restart.
[2026-05-21T22:35:01-08:00] KEEPER: WARN: Gateway is down. Attempting restart.
[2026-05-21T22:35:04-08:00] KEEPER: CRITICAL: Gateway restart failed!
[2026-05-21T22:35:04-08:00] KEEPER: CRITICAL: Gateway restart failed!
[2026-05-21T22:35:04-08:00] KEEPER: OK: Log rotated.
[2026-05-21T22:35:04-08:00] KEEPER: --- Keeper cycle end ---
[2026-05-21T22:40:01-08:00] KEEPER: --- Keeper cycle start ---
[2026-05-21T22:40:01-08:00] KEEPER: --- Keeper cycle start ---
[2026-05-21T22:40:01-08:00] KEEPER: WARN: Gateway is down. Attempting restart.
[2026-05-21T22:40:01-08:00] KEEPER: WARN: Gateway is down. Attempting restart.
[2026-05-21T22:40:04-08:00] KEEPER: CRITICAL: Gateway restart failed!
[2026-05-21T22:40:04-08:00] KEEPER: CRITICAL: Gateway restart failed!
[2026-05-21T22:40:04-08:00] KEEPER: --- Keeper cycle end ---
[2026-05-21T22:40:04-08:00] KEEPER: --- Keeper cycle end ---
[2026-05-21T22:45:01-08:00] KEEPER: --- Keeper cycle start ---
[2026-05-21T22:45:01-08:00] KEEPER: --- Keeper cycle start ---
[2026-05-21T22:45:01-08:00] KEEPER: WARN: Gateway is down. Attempting restart.
[2026-05-21T22:45:01-08:00] KEEPER: WARN: Gateway is down. Attempting restart.
[2026-05-21T22:45:04-08:00] KEEPER: CRITICAL: Gateway restart failed!
[2026-05-21T22:45:04-08:00] KEEPER: CRITICAL: Gateway restart failed!
[2026-05-21T22:45:04-08:00] KEEPER: --- Keeper cycle end ---
[2026-05-21T22:45:04-08:00] KEEPER: --- Keeper cycle end ---
[2026-05-21T22:50:01-08:00] KEEPER: --- Keeper cycle start ---
[2026-05-21T22:50:01-08:00] KEEPER: --- Keeper cycle start ---
[2026-05-21T22:50:01-08:00] KEEPER: WARN: Gateway is down. Attempting restart.
[2026-05-21T22:50:01-08:00] KEEPER: WARN: Gateway is down. Attempting restart.
[2026-05-21T22:50:04-08:00] KEEPER: CRITICAL: Gateway restart failed!
[2026-05-21T22:50:04-08:00] KEEPER: CRITICAL: Gateway restart failed!
[2026-05-21T22:50:04-08:00] KEEPER: --- Keeper cycle end ---
[2026-05-21T22:50:04-08:00] KEEPER: --- Keeper cycle end ---
[2026-05-21T22:55:01-08:00] KEEPER: --- Keeper cycle start ---
[2026-05-21T22:55:01-08:00] KEEPER: --- Keeper cycle start ---
[2026-05-21T22:55:01-08:00] KEEPER: WARN: Gateway is down. Attempting restart.
[2026-05-21T22:55:01-08:00] KEEPER: WARN: Gateway is down. Attempting restart.
[2026-05-21T22:55:04-08:00] KEEPER: CRITICAL: Gateway restart failed!
[2026-05-21T22:55:04-08:00] KEEPER: CRITICAL: Gateway restart failed!
[2026-05-21T22:55:04-08:00] KEEPER: --- Keeper cycle end ---
[2026-05-21T22:55:04-08:00] KEEPER: --- Keeper cycle end ---
[2026-05-21T23:00:01-08:00] KEEPER: --- Keeper cycle start ---
[2026-05-21T23:00:01-08:00] KEEPER: --- Keeper cycle start ---
[2026-05-21T23:00:01-08:00] KEEPER: WARN: Gateway is down. Attempting restart.
[2026-05-21T23:00:01-08:00] KEEPER: WARN: Gateway is down. Attempting restart.
[2026-05-21T23:00:04-08:00] KEEPER: CRITICAL: Gateway restart failed!
[2026-05-21T23:00:04-08:00] KEEPER: CRITICAL: Gateway restart failed!
[2026-05-21T23:00:04-08:00] KEEPER: --- Keeper cycle end ---
[2026-05-21T23:00:04-08:00] KEEPER: --- Keeper cycle end ---
[2026-05-21T23:05:01-08:00] KEEPER: --- Keeper cycle start ---
[2026-05-21T23:05:01-08:00] KEEPER: --- Keeper cycle start ---
[2026-05-21T23:05:01-08:00] KEEPER: WARN: Gateway is down. Attempting restart.
[2026-05-21T23:05:01-08:00] KEEPER: WARN: Gateway is down. Attempting restart.
[2026-05-21T23:05:04-08:00] KEEPER: CRITICAL: Gateway restart failed!
[2026-05-21T23:05:04-08:00] KEEPER: CRITICAL: Gateway restart failed!
[2026-05-21T23:05:04-08:00] KEEPER: --- Keeper cycle end ---
[2026-05-21T23:05:04-08:00] KEEPER: --- Keeper cycle end ---
[2026-05-21T23:10:00-08:00] KEEPER: --- Keeper cycle start ---
[2026-05-21T23:10:00-08:00] KEEPER: --- Keeper cycle start ---
[2026-05-21T23:10:01-08:00] KEEPER: WARN: Gateway is down. Attempting restart.
[2026-05-21T23:10:01-08:00] KEEPER: WARN: Gateway is down. Attempting restart.
[2026-05-21T23:10:04-08:00] KEEPER: CRITICAL: Gateway restart failed!
[2026-05-21T23:10:04-08:00] KEEPER: CRITICAL: Gateway restart failed!
[2026-05-21T23:10:04-08:00] KEEPER: --- Keeper cycle end ---
[2026-05-21T23:10:04-08:00] KEEPER: --- Keeper cycle end ---
[2026-05-21T23:15:01-08:00] KEEPER: --- Keeper cycle start ---
[2026-05-21T23:15:01-08:00] KEEPER: --- Keeper cycle start ---
[2026-05-21T23:15:01-08:00] KEEPER: WARN: Gateway is down. Attempting restart.
[2026-05-21T23:15:01-08:00] KEEPER: WARN: Gateway is down. Attempting restart.
[2026-05-21T23:15:04-08:00] KEEPER: CRITICAL: Gateway restart failed!
[2026-05-21T23:15:04-08:00] KEEPER: CRITICAL: Gateway restart failed!
[2026-05-21T23:15:04-08:00] KEEPER: --- Keeper cycle end ---
[2026-05-21T23:15:04-08:00] KEEPER: --- Keeper cycle end ---
[2026-05-21T23:20:01-08:00] KEEPER: --- Keeper cycle start ---
[2026-05-21T23:20:01-08:00] KEEPER: --- Keeper cycle start ---
[2026-05-21T23:20:01-08:00] KEEPER: WARN: Gateway is down. Attempting restart.
[2026-05-21T23:20:01-08:00] KEEPER: WARN: Gateway is down. Attempting restart.
[2026-05-21T23:20:04-08:00] KEEPER: CRITICAL: Gateway restart failed!
[2026-05-21T23:20:04-08:00] KEEPER: CRITICAL: Gateway restart failed!
[2026-05-21T23:20:04-08:00] KEEPER: --- Keeper cycle end ---
[2026-05-21T23:20:04-08:00] KEEPER: --- Keeper cycle end ---
[2026-05-21T23:25:01-08:00] KEEPER: --- Keeper cycle start ---
[2026-05-21T23:25:01-08:00] KEEPER: --- Keeper cycle start ---
[2026-05-21T23:25:01-08:00] KEEPER: WARN: Gateway is down. Attempting restart.
[2026-05-21T23:25:01-08:00] KEEPER: WARN: Gateway is down. Attempting restart.
[2026-05-21T23:25:04-08:00] KEEPER: CRITICAL: Gateway restart failed!
[2026-05-21T23:25:04-08:00] KEEPER: CRITICAL: Gateway restart failed!
[2026-05-21T23:25:04-08:00] KEEPER: --- Keeper cycle end ---
[2026-05-21T23:25:04-08:00] KEEPER: --- Keeper cycle end ---
[2026-05-21T23:30:01-08:00] KEEPER: --- Keeper cycle start ---
[2026-05-21T23:30:01-08:00] KEEPER: --- Keeper cycle start ---
[2026-05-21T23:30:01-08:00] KEEPER: WARN: Gateway is down. Attempting restart.
[2026-05-21T23:30:01-08:00] KEEPER: WARN: Gateway is down. Attempting restart.
[2026-05-21T23:30:04-08:00] KEEPER: CRITICAL: Gateway restart failed!
[2026-05-21T23:30:04-08:00] KEEPER: CRITICAL: Gateway restart failed!
[2026-05-21T23:30:04-08:00] KEEPER: --- Keeper cycle end ---
[2026-05-21T23:30:04-08:00] KEEPER: --- Keeper cycle end ---
[2026-05-21T23:35:00-08:00] KEEPER: --- Keeper cycle start ---
[2026-05-21T23:35:00-08:00] KEEPER: --- Keeper cycle start ---
[2026-05-21T23:35:00-08:00] KEEPER: WARN: Gateway is down. Attempting restart.
[2026-05-21T23:35:00-08:00] KEEPER: WARN: Gateway is down. Attempting restart.
[2026-05-21T23:35:03-08:00] KEEPER: CRITICAL: Gateway restart failed!
[2026-05-21T23:35:03-08:00] KEEPER: CRITICAL: Gateway restart failed!
[2026-05-21T23:35:04-08:00] KEEPER: --- Keeper cycle end ---
[2026-05-21T23:35:04-08:00] KEEPER: --- Keeper cycle end ---
[2026-05-21T23:40:01-08:00] KEEPER: --- Keeper cycle start ---
[2026-05-21T23:40:01-08:00] KEEPER: --- Keeper cycle start ---
[2026-05-21T23:40:01-08:00] KEEPER: WARN: Gateway is down. Attempting restart.
[2026-05-21T23:40:01-08:00] KEEPER: WARN: Gateway is down. Attempting restart.
[2026-05-21T23:40:04-08:00] KEEPER: CRITICAL: Gateway restart failed!
[2026-05-21T23:40:04-08:00] KEEPER: CRITICAL: Gateway restart failed!
[2026-05-21T23:40:04-08:00] KEEPER: --- Keeper cycle end ---
[2026-05-21T23:40:04-08:00] KEEPER: --- Keeper cycle end ---
[2026-05-21T23:45:01-08:00] KEEPER: --- Keeper cycle start ---
[2026-05-21T23:45:01-08:00] KEEPER: --- Keeper cycle start ---
[2026-05-21T23:45:01-08:00] KEEPER: WARN: Gateway is down. Attempting restart.
[2026-05-21T23:45:01-08:00] KEEPER: WARN: Gateway is down. Attempting restart.
[2026-05-21T23:45:04-08:00] KEEPER: CRITICAL: Gateway restart failed!
[2026-05-21T23:45:04-08:00] KEEPER: CRITICAL: Gateway restart failed!
[2026-05-21T23:45:04-08:00] KEEPER: --- Keeper cycle end ---
[2026-05-21T23:45:04-08:00] KEEPER: --- Keeper cycle end ---
[2026-05-21T23:50:01-08:00] KEEPER: --- Keeper cycle start ---
[2026-05-21T23:50:01-08:00] KEEPER: --- Keeper cycle start ---
[2026-05-21T23:50:01-08:00] KEEPER: WARN: Gateway is down. Attempting restart.
[2026-05-21T23:50:01-08:00] KEEPER: WARN: Gateway is down. Attempting restart.
[2026-05-21T23:50:04-08:00] KEEPER: CRITICAL: Gateway restart failed!
[2026-05-21T23:50:04-08:00] KEEPER: CRITICAL: Gateway restart failed!
[2026-05-21T23:50:05-08:00] KEEPER: --- Keeper cycle end ---
[2026-05-21T23:50:05-08:00] KEEPER: --- Keeper cycle end ---
[2026-05-21T23:55:01-08:00] KEEPER: --- Keeper cycle start ---
[2026-05-21T23:55:01-08:00] KEEPER: --- Keeper cycle start ---
[2026-05-21T23:55:01-08:00] KEEPER: WARN: Gateway is down. Attempting restart.
[2026-05-21T23:55:01-08:00] KEEPER: WARN: Gateway is down. Attempting restart.
[2026-05-21T23:55:04-08:00] KEEPER: CRITICAL: Gateway restart failed!
[2026-05-21T23:55:04-08:00] KEEPER: CRITICAL: Gateway restart failed!
[2026-05-21T23:55:04-08:00] KEEPER: --- Keeper cycle end ---
[2026-05-21T23:55:04-08:00] KEEPER: --- Keeper cycle end ---
[2026-05-22T00:00:01-08:00] KEEPER: --- Keeper cycle start ---
[2026-05-22T00:00:01-08:00] KEEPER: --- Keeper cycle start ---
[2026-05-22T00:00:01-08:00] KEEPER: WARN: Gateway is down. Attempting restart.
[2026-05-22T00:00:01-08:00] KEEPER: WARN: Gateway is down. Attempting restart.
[2026-05-22T00:00:04-08:00] KEEPER: CRITICAL: Gateway restart failed!
[2026-05-22T00:00:04-08:00] KEEPER: CRITICAL: Gateway restart failed!
[2026-05-22T00:00:04-08:00] KEEPER: --- Keeper cycle end ---
[2026-05-22T00:00:04-08:00] KEEPER: --- Keeper cycle end ---
[2026-05-22T00:05:01-08:00] KEEPER: --- Keeper cycle start ---
[2026-05-22T00:05:01-08:00] KEEPER: --- Keeper cycle start ---
[2026-05-22T00:05:01-08:00] KEEPER: WARN: Gateway is down. Attempting restart.
[2026-05-22T00:05:01-08:00] KEEPER: WARN: Gateway is down. Attempting restart.
[2026-05-22T00:05:04-08:00] KEEPER: CRITICAL: Gateway restart failed!
[2026-05-22T00:05:04-08:00] KEEPER: CRITICAL: Gateway restart failed!
[2026-05-22T00:05:04-08:00] KEEPER: --- Keeper cycle end ---
[2026-05-22T00:05:04-08:00] KEEPER: --- Keeper cycle end ---
[2026-05-22T00:10:01-08:00] KEEPER: --- Keeper cycle start ---
[2026-05-22T00:10:01-08:00] KEEPER: --- Keeper cycle start ---
[2026-05-22T00:10:01-08:00] KEEPER: WARN: Gateway is down. Attempting restart.
[2026-05-22T00:10:01-08:00] KEEPER: WARN: Gateway is down. Attempting restart.
[2026-05-22T00:10:04-08:00] KEEPER: CRITICAL: Gateway restart failed!
[2026-05-22T00:10:04-08:00] KEEPER: CRITICAL: Gateway restart failed!
[2026-05-22T00:10:04-08:00] KEEPER: --- Keeper cycle end ---
[2026-05-22T00:10:04-08:00] KEEPER: --- Keeper cycle end ---
[2026-05-22T00:15:01-08:00] KEEPER: --- Keeper cycle start ---
[2026-05-22T00:15:01-08:00] KEEPER: --- Keeper cycle start ---
[2026-05-22T00:15:01-08:00] KEEPER: WARN: Gateway is down. Attempting restart.
[2026-05-22T00:15:01-08:00] KEEPER: WARN: Gateway is down. Attempting restart.
[2026-05-22T00:15:04-08:00] KEEPER: CRITICAL: Gateway restart failed!
[2026-05-22T00:15:04-08:00] KEEPER: CRITICAL: Gateway restart failed!
[2026-05-22T00:15:04-08:00] KEEPER: --- Keeper cycle end ---
[2026-05-22T00:15:04-08:00] KEEPER: --- Keeper cycle end ---
[2026-05-22T00:20:00-08:00] KEEPER: --- Keeper cycle start ---
[2026-05-22T00:20:00-08:00] KEEPER: --- Keeper cycle start ---
[2026-05-22T00:20:00-08:00] KEEPER: WARN: Gateway is down. Attempting restart.
[2026-05-22T00:20:00-08:00] KEEPER: WARN: Gateway is down. Attempting restart.
[2026-05-22T00:20:03-08:00] KEEPER: CRITICAL: Gateway restart failed!
[2026-05-22T00:20:03-08:00] KEEPER: CRITICAL: Gateway restart failed!
[2026-05-22T00:20:04-08:00] KEEPER: --- Keeper cycle end ---
[2026-05-22T00:20:04-08:00] KEEPER: --- Keeper cycle end ---
[2026-05-22T00:25:00-08:00] KEEPER: --- Keeper cycle start ---
[2026-05-22T00:25:00-08:00] KEEPER: --- Keeper cycle start ---
[2026-05-22T00:25:00-08:00] KEEPER: WARN: Gateway is down. Attempting restart.
[2026-05-22T00:25:00-08:00] KEEPER: WARN: Gateway is down. Attempting restart.
[2026-05-22T00:25:03-08:00] KEEPER: CRITICAL: Gateway restart failed!
[2026-05-22T00:25:03-08:00] KEEPER: CRITICAL: Gateway restart failed!
[2026-05-22T00:25:04-08:00] KEEPER: --- Keeper cycle end ---
[2026-05-22T00:25:04-08:00] KEEPER: --- Keeper cycle end ---
[2026-05-22T00:30:00-08:00] KEEPER: --- Keeper cycle start ---
[2026-05-22T00:30:00-08:00] KEEPER: --- Keeper cycle start ---
[2026-05-22T00:30:01-08:00] KEEPER: WARN: Gateway is down. Attempting restart.
[2026-05-22T00:30:01-08:00] KEEPER: WARN: Gateway is down. Attempting restart.
[2026-05-22T00:30:03-08:00] KEEPER: CRITICAL: Gateway restart failed!
[2026-05-22T00:30:03-08:00] KEEPER: CRITICAL: Gateway restart failed!
[2026-05-22T00:30:04-08:00] KEEPER: --- Keeper cycle end ---
[2026-05-22T00:30:04-08:00] KEEPER: --- Keeper cycle end ---
[2026-05-22T00:35:00-08:00] KEEPER: --- Keeper cycle start ---
[2026-05-22T00:35:00-08:00] KEEPER: --- Keeper cycle start ---
[2026-05-22T00:35:01-08:00] KEEPER: WARN: Gateway is down. Attempting restart.
[2026-05-22T00:35:01-08:00] KEEPER: WARN: Gateway is down. Attempting restart.
[2026-05-22T00:35:03-08:00] KEEPER: CRITICAL: Gateway restart failed!
[2026-05-22T00:35:03-08:00] KEEPER: CRITICAL: Gateway restart failed!
[2026-05-22T00:35:04-08:00] KEEPER: --- Keeper cycle end ---
[2026-05-22T00:35:04-08:00] KEEPER: --- Keeper cycle end ---
[2026-05-22T00:40:00-08:00] KEEPER: --- Keeper cycle start ---
[2026-05-22T00:40:00-08:00] KEEPER: --- Keeper cycle start ---
[2026-05-22T00:40:00-08:00] KEEPER: WARN: Gateway is down. Attempting restart.
[2026-05-22T00:40:00-08:00] KEEPER: WARN: Gateway is down. Attempting restart.
[2026-05-22T00:40:03-08:00] KEEPER: CRITICAL: Gateway restart failed!
[2026-05-22T00:40:03-08:00] KEEPER: CRITICAL: Gateway restart failed!
[2026-05-22T00:40:04-08:00] KEEPER: --- Keeper cycle end ---
[2026-05-22T00:40:04-08:00] KEEPER: --- Keeper cycle end ---
